Archive member included to satisfy reference by file (symbol)

C:/ST/STM32CubeIDE_1.19.0_UBA/STM32CubeIDE/plugins/com.st.stm32cube.ide.mcu.externaltools.gnu-tools-for-stm32.13.3.rel1.win32_1.0.0.202411081344/tools/bin/../lib/gcc/arm-none-eabi/13.3.1/../../../../arm-none-eabi/lib/thumb/v7e-m+fp/hard\librdimon_nano.a(arm_librdimon_a-syscalls.o)
                              C:/ST/STM32CubeIDE_1.19.0_UBA/STM32CubeIDE/plugins/com.st.stm32cube.ide.mcu.externaltools.gnu-tools-for-stm32.13.3.rel1.win32_1.0.0.202411081344/tools/bin/../lib/gcc/arm-none-eabi/13.3.1/../../../../arm-none-eabi/lib/thumb/v7e-m+fp/hard/rdimon-crt0.o (__heap_limit)
C:/ST/STM32CubeIDE_1.19.0_UBA/STM32CubeIDE/plugins/com.st.stm32cube.ide.mcu.externaltools.gnu-tools-for-stm32.13.3.rel1.win32_1.0.0.202411081344/tools/bin/../lib/gcc/arm-none-eabi/13.3.1/../../../../arm-none-eabi/lib/thumb/v7e-m+fp/hard\libc_nano.a(libc_a-exit.o)
                              C:/ST/STM32CubeIDE_1.19.0_UBA/STM32CubeIDE/plugins/com.st.stm32cube.ide.mcu.externaltools.gnu-tools-for-stm32.13.3.rel1.win32_1.0.0.202411081344/tools/bin/../lib/gcc/arm-none-eabi/13.3.1/../../../../arm-none-eabi/lib/thumb/v7e-m+fp/hard/rdimon-crt0.o (exit)
C:/ST/STM32CubeIDE_1.19.0_UBA/STM32CubeIDE/plugins/com.st.stm32cube.ide.mcu.externaltools.gnu-tools-for-stm32.13.3.rel1.win32_1.0.0.202411081344/tools/bin/../lib/gcc/arm-none-eabi/13.3.1/../../../../arm-none-eabi/lib/thumb/v7e-m+fp/hard\libc_nano.a(libc_a-fflush.o)
                              ./app/src/logger.o (fflush)
C:/ST/STM32CubeIDE_1.19.0_UBA/STM32CubeIDE/plugins/com.st.stm32cube.ide.mcu.externaltools.gnu-tools-for-stm32.13.3.rel1.win32_1.0.0.202411081344/tools/bin/../lib/gcc/arm-none-eabi/13.3.1/../../../../arm-none-eabi/lib/thumb/v7e-m+fp/hard\libc_nano.a(libc_a-findfp.o)
                              C:/ST/STM32CubeIDE_1.19.0_UBA/STM32CubeIDE/plugins/com.st.stm32cube.ide.mcu.externaltools.gnu-tools-for-stm32.13.3.rel1.win32_1.0.0.202411081344/tools/bin/../lib/gcc/arm-none-eabi/13.3.1/../../../../arm-none-eabi/lib/thumb/v7e-m+fp/hard\libc_nano.a(libc_a-fflush.o) (__sglue)
C:/ST/STM32CubeIDE_1.19.0_UBA/STM32CubeIDE/plugins/com.st.stm32cube.ide.mcu.externaltools.gnu-tools-for-stm32.13.3.rel1.win32_1.0.0.202411081344/tools/bin/../lib/gcc/arm-none-eabi/13.3.1/../../../../arm-none-eabi/lib/thumb/v7e-m+fp/hard\libc_nano.a(libc_a-fwalk.o)
                              C:/ST/STM32CubeIDE_1.19.0_UBA/STM32CubeIDE/plugins/com.st.stm32cube.ide.mcu.externaltools.gnu-tools-for-stm32.13.3.rel1.win32_1.0.0.202411081344/tools/bin/../lib/gcc/arm-none-eabi/13.3.1/../../../../arm-none-eabi/lib/thumb/v7e-m+fp/hard\libc_nano.a(libc_a-fflush.o) (_fwalk_sglue)
C:/ST/STM32CubeIDE_1.19.0_UBA/STM32CubeIDE/plugins/com.st.stm32cube.ide.mcu.externaltools.gnu-tools-for-stm32.13.3.rel1.win32_1.0.0.202411081344/tools/bin/../lib/gcc/arm-none-eabi/13.3.1/../../../../arm-none-eabi/lib/thumb/v7e-m+fp/hard\libc_nano.a(libc_a-printf.o)
                              ./app/src/logger.o (printf)
C:/ST/STM32CubeIDE_1.19.0_UBA/STM32CubeIDE/plugins/com.st.stm32cube.ide.mcu.externaltools.gnu-tools-for-stm32.13.3.rel1.win32_1.0.0.202411081344/tools/bin/../lib/gcc/arm-none-eabi/13.3.1/../../../../arm-none-eabi/lib/thumb/v7e-m+fp/hard\libc_nano.a(libc_a-snprintf.o)
                              ./app/src/app.o (snprintf)
C:/ST/STM32CubeIDE_1.19.0_UBA/STM32CubeIDE/plugins/com.st.stm32cube.ide.mcu.externaltools.gnu-tools-for-stm32.13.3.rel1.win32_1.0.0.202411081344/tools/bin/../lib/gcc/arm-none-eabi/13.3.1/../../../../arm-none-eabi/lib/thumb/v7e-m+fp/hard\libc_nano.a(libc_a-sprintf.o)
                              ./Middlewares/Third_Party/FreeRTOS/Source/tasks.o (sprintf)
C:/ST/STM32CubeIDE_1.19.0_UBA/STM32CubeIDE/plugins/com.st.stm32cube.ide.mcu.externaltools.gnu-tools-for-stm32.13.3.rel1.win32_1.0.0.202411081344/tools/bin/../lib/gcc/arm-none-eabi/13.3.1/../../../../arm-none-eabi/lib/thumb/v7e-m+fp/hard\libc_nano.a(libc_a-stdio.o)
                              C:/ST/STM32CubeIDE_1.19.0_UBA/STM32CubeIDE/plugins/com.st.stm32cube.ide.mcu.externaltools.gnu-tools-for-stm32.13.3.rel1.win32_1.0.0.202411081344/tools/bin/../lib/gcc/arm-none-eabi/13.3.1/../../../../arm-none-eabi/lib/thumb/v7e-m+fp/hard\libc_nano.a(libc_a-findfp.o) (__sread)
C:/ST/STM32CubeIDE_1.19.0_UBA/STM32CubeIDE/plugins/com.st.stm32cube.ide.mcu.externaltools.gnu-tools-for-stm32.13.3.rel1.win32_1.0.0.202411081344/tools/bin/../lib/gcc/arm-none-eabi/13.3.1/../../../../arm-none-eabi/lib/thumb/v7e-m+fp/hard\libc_nano.a(libc_a-memset.o)
                              C:/ST/STM32CubeIDE_1.19.0_UBA/STM32CubeIDE/plugins/com.st.stm32cube.ide.mcu.externaltools.gnu-tools-for-stm32.13.3.rel1.win32_1.0.0.202411081344/tools/bin/../lib/gcc/arm-none-eabi/13.3.1/../../../../arm-none-eabi/lib/thumb/v7e-m+fp/hard/rdimon-crt0.o (memset)
[...]
Memory Configuration

Name             Origin             Length             Attributes
RAM              0x20000000         0x00020000         xrw
FLASH            0x08000000         0x00080000         xr
*default*        0x00000000         0xffffffff

Linker script and memory map

LOAD C:/ST/STM32CubeIDE_1.19.0_UBA/STM32CubeIDE/plugins/com.st.stm32cube.ide.mcu.externaltools.gnu-tools-for-stm32.13.3.rel1.win32_1.0.0.202411081344/tools/bin/../lib/gcc/arm-none-eabi/13.3.1/thumb/v7e-m+fp/hard/crti.o
LOAD C:/ST/STM32CubeIDE_1.19.0_UBA/STM32CubeIDE/plugins/com.st.stm32cube.ide.mcu.externaltools.gnu-tools-for-stm32.13.3.rel1.win32_1.0.0.202411081344/tools/bin/../lib/gcc/arm-none-eabi/13.3.1/thumb/v7e-m+fp/hard/crtbegin.o
LOAD C:/ST/STM32CubeIDE_1.19.0_UBA/STM32CubeIDE/plugins/com.st.stm32cube.ide.mcu.externaltools.gnu-tools-for-stm32.13.3.rel1.win32_1.0.0.202411081344/tools/bin/../lib/gcc/arm-none-eabi/13.3.1/../../../../arm-none-eabi/lib/thumb/v7e-m+fp/hard/rdimon-crt0.o
LOAD ./Core/Src/freertos.o
LOAD ./Core/Src/main.o
LOAD ./Core/Src/stm32f4xx_hal_msp.o
LOAD ./Core/Src/stm32f4xx_hal_timebase_tim.o
LOAD ./Core/Src/stm32f4xx_it.o
LOAD ./Core/Src/sysmem.o
LOAD ./Core/Src/system_stm32f4xx.o
LOAD ./Core/Startup/startup_stm32f446retx.o
LOAD ./Drivers/STM32F4xx_HAL_Driver/Src/stm32f4xx_hal.o
LOAD ./Drivers/STM32F4xx_HAL_Driver/Src/stm32f4xx_hal_cortex.o
LOAD ./Drivers/STM32F4xx_HAL_Driver/Src/stm32f4xx_hal_dma.o
LOAD ./Drivers/STM32F4xx_HAL_Driver/Src/stm32f4xx_hal_dma_ex.o
LOAD ./Drivers/STM32F4xx_HAL_Driver/Src/stm32f4xx_hal_exti.o
LOAD ./Drivers/STM32F4xx_HAL_Driver/Src/stm32f4xx_hal_flash.o
LOAD ./Drivers/STM32F4xx_HAL_Driver/Src/stm32f4xx_hal_flash_ex.o
LOAD ./Drivers/STM32F4xx_HAL_Driver/Src/stm32f4xx_hal_flash_ramfunc.o
LOAD ./Drivers/STM32F4xx_HAL_Driver/Src/stm32f4xx_hal_gpio.o
LOAD ./Drivers/STM32F4xx_HAL_Driver/Src/stm32f4xx_hal_pwr.o
LOAD ./Drivers/STM32F4xx_HAL_Driver/Src/stm32f4xx_hal_pwr_ex.o
LOAD ./Drivers/STM32F4xx_HAL_Driver/Src/stm32f4xx_hal_rcc.o
LOAD ./Drivers/STM32F4xx_HAL_Driver/Src/stm32f4xx_hal_rcc_ex.o
LOAD ./Drivers/STM32F4xx_HAL_Driver/Src/stm32f4xx_hal_tim.o
LOAD ./Drivers/STM32F4xx_HAL_Driver/Src/stm32f4xx_hal_tim_ex.o
LOAD ./Drivers/STM32F4xx_HAL_Driver/Src/stm32f4xx_hal_uart.o
LOAD ./Middlewares/Third_Party/FreeRTOS/Source/CMSIS_RTOS/cmsis_os.o
LOAD ./Middlewares/Third_Party/FreeRTOS/Source/croutine.o
LOAD ./Middlewares/Third_Party/FreeRTOS/Source/event_groups.o
LOAD ./Middlewares/Third_Party/FreeRTOS/Source/list.o
LOAD ./Middlewares/Third_Party/FreeRTOS/Source/queue.o
LOAD ./Middlewares/Third_Party/FreeRTOS/Source/stream_buffer.o
LOAD ./Middlewares/Third_Party/FreeRTOS/Source/tasks.o
LOAD ./Middlewares/Third_Party/FreeRTOS/Source/timers.o
LOAD ./Middlewares/Third_Party/FreeRTOS/Source/portable/GCC/ARM_CM4F/port.o
LOAD ./Middlewares/Third_Party/FreeRTOS/Source/portable/MemMang/heap_4.o
LOAD ./app/src/app.o
LOAD ./app/src/app_it.o
LOAD ./app/src/freertos.o
LOAD ./app/src/logger.o
LOAD ./app/src/systick.o
LOAD ./app/src/task_entry_a.o
LOAD ./app/src/task_entry_b.o
LOAD ./app/src/task_exit_a.o
LOAD ./app/src/task_exit_b.o
LOAD ./app/src/task_test.o
LOAD C:/ST/STM32CubeIDE_1.19.0_UBA/STM32CubeIDE/plugins/com.st.stm32cube.ide.mcu.externaltools.gnu-tools-for-stm32.13.3.rel1.win32_1.0.0.202411081344/tools/bin/../lib/gcc/arm-none-eabi/13.3.1/../../../../arm-none-eabi/lib/thumb/v7e-m+fp/hard\librdimon_nano.a
START GROUP
LOAD C:/ST/STM32CubeIDE_1.19.0_UBA/STM32CubeIDE/plugins/com.st.stm32cube.ide.mcu.externaltools.gnu-tools-for-stm32.13.3.rel1.win32_1.0.0.202411081344/tools/bin/../lib/gcc/arm-none-eabi/13.3.1/../../../../arm-none-eabi/lib/thumb/v7e-m+fp/hard\libc_nano.a
LOAD C:/ST/STM32CubeIDE_1.19.0_UBA/STM32CubeIDE/plugins/com.st.stm32cube.ide.mcu.externaltools.gnu-tools-for-stm32.13.3.rel1.win32_1.0.0.202411081344/tools/bin/../lib/gcc/arm-none-eabi/13.3.1/../../../../arm-none-eabi/lib/thumb/v7e-m+fp/hard\libm.a
END GROUP
START GROUP
LOAD C:/ST/STM32CubeIDE_1.19.0_UBA/STM32CubeIDE/plugins/com.st.stm32cube.ide.mcu.externaltools.gnu-tools-for-stm32.13.3.rel1.win32_1.0.0.202411081344/tools/bin/../lib/gcc/arm-none-eabi/13.3.1/thumb/v7e-m+fp/hard\libgcc.a
LOAD C:/ST/STM32CubeIDE_1.19.0_UBA/STM32CubeIDE/plugins/com.st.stm32cube.ide.mcu.externaltools.gnu-tools-for-stm32.13.3.rel1.win32_1.0.0.202411081344/tools/bin/../lib/gcc/arm-none-eabi/13.3.1/../../../../arm-none-eabi/lib/thumb/v7e-m+fp/hard\libc_nano.a
END GROUP
START GROUP
LOAD C:/ST/STM32CubeIDE_1.19.0_UBA/STM32CubeIDE/plugins/com.st.stm32cube.ide.mcu.externaltools.gnu-tools-for-stm32.13.3.rel1.win32_1.0.0.202411081344/tools/bin/../lib/gcc/arm-none-eabi/13.3.1/thumb/v7e-m+fp/hard\libgcc.a
LOAD C:/ST/STM32CubeIDE_1.19.0_UBA/STM32CubeIDE/plugins/com.st.stm32cube.ide.mcu.externaltools.gnu-tools-for-stm32.13.3.rel1.win32_1.0.0.202411081344/tools/bin/../lib/gcc/arm-none-eabi/13.3.1/../../../../arm-none-eabi/lib/thumb/v7e-m+fp/hard\libc_nano.a
LOAD C:/ST/STM32CubeIDE_1.19.0_UBA/STM32CubeIDE/plugins/com.st.stm32cube.ide.mcu.externaltools.gnu-tools-for-stm32.13.3.rel1.win32_1.0.0.202411081344/tools/bin/../lib/gcc/arm-none-eabi/13.3.1/../../../../arm-none-eabi/lib/thumb/v7e-m+fp/hard\libnosys.a
END GROUP
START GROUP
LOAD C:/ST/STM32CubeIDE_1.19.0_UBA/STM32CubeIDE/plugins/com.st.stm32cube.ide.mcu.externaltools.gnu-tools-for-stm32.13.3.rel1.win32_1.0.0.202411081344/tools/bin/../lib/gcc/arm-none-eabi/13.3.1/thumb/v7e-m+fp/hard\libgcc.a
LOAD C:/ST/STM32CubeIDE_1.19.0_UBA/STM32CubeIDE/plugins/com.st.stm32cube.ide.mcu.externaltools.gnu-tools-for-stm32.13.3.rel1.win32_1.0.0.202411081344/tools/bin/../lib/gcc/arm-none-eabi/13.3.1/../../../../arm-none-eabi/lib/thumb/v7e-m+fp/hard\libc_nano.a
LOAD C:/ST/STM32CubeIDE_1.19.0_UBA/STM32CubeIDE/plugins/com.st.stm32cube.ide.mcu.externaltools.gnu-tools-for-stm32.13.3.rel1.win32_1.0.0.202411081344/tools/bin/../lib/gcc/arm-none-eabi/13.3.1/../../../../arm-none-eabi/lib/thumb/v7e-m+fp/hard\librdimon_nano.a
END GROUP
START GROUP
LOAD C:/ST/STM32CubeIDE_1.19.0_UBA/STM32CubeIDE/plugins/com.st.stm32cube.ide.mcu.externaltools.gnu-tools-for-stm32.13.3.rel1.win32_1.0.0.202411081344/tools/bin/../lib/gcc/arm-none-eabi/13.3.1/thumb/v7e-m+fp/hard\libgcc.a
LOAD C:/ST/STM32CubeIDE_1.19.0_UBA/STM32CubeIDE/plugins/com.st.stm32cube.ide.mcu.externaltools.gnu-tools-for-stm32.13.3.rel1.win32_1.0.0.202411081344/tools/bin/../lib/gcc/arm-none-eabi/13.3.1/../../../../arm-none-eabi/lib/thumb/v7e-m+fp/hard\libc_nano.a
LOAD C:/ST/STM32CubeIDE_1.19.0_UBA/STM32CubeIDE/plugins/com.st.stm32cube.ide.mcu.externaltools.gnu-tools-for-stm32.13.3.rel1.win32_1.0.0.202411081344/tools/bin/../lib/gcc/arm-none-eabi/13.3.1/../../../../arm-none-eabi/lib/thumb/v7e-m+fp/hard\librdimon_nano.a
LOAD C:/ST/STM32CubeIDE_1.19.0_UBA/STM32CubeIDE/plugins/com.st.stm32cube.ide.mcu.externaltools.gnu-tools-for-stm32.13.3.rel1.win32_1.0.0.202411081344/tools/bin/../lib/gcc/arm-none-eabi/13.3.1/../../../../arm-none-eabi/lib/thumb/v7e-m+fp/hard\libnosys.a
END GROUP
LOAD C:/ST/STM32CubeIDE_1.19.0_UBA/STM32CubeIDE/plugins/com.st.stm32cube.ide.mcu.externaltools.gnu-tools-for-stm32.13.3.rel1.win32_1.0.0.202411081344/tools/bin/../lib/gcc/arm-none-eabi/13.3.1/thumb/v7e-m+fp/hard/crtend.o
LOAD C:/ST/STM32CubeIDE_1.19.0_UBA/STM32CubeIDE/plugins/com.st.stm32cube.ide.mcu.externaltools.gnu-tools-for-stm32.13.3.rel1.win32_1.0.0.202411081344/tools/bin/../lib/gcc/arm-none-eabi/13.3.1/thumb/v7e-m+fp/hard/crtn.o
                0x20020000                        _estack = (ORIGIN (RAM) + LENGTH (RAM))
                0x00000200                        _Min_Heap_Size = 0x200
                0x00000400                        _Min_Stack_Size = 0x400

.isr_vector     0x08000000      0x1c4
                0x08000000                        . = ALIGN (0x4)
 *(.isr_vector)
 .isr_vector    0x08000000      0x1c4 ./Core/Startup/startup_stm32f446retx.o
                0x08000000                g_pfnVectors
                0x080001c4                        . = ALIGN (0x4)

.text           0x080001d0     0x7828
                0x080001d0                        . = ALIGN (0x4)
 *(.text)
 .text          0x080001d0       0x40 C:/ST/STM32CubeIDE_1.19.0_UBA/STM32CubeIDE/plugins/com.st.stm32cube.ide.mcu.externaltools.gnu-tools-for-stm32.13.3.rel1.win32_1.0.0.202411081344/tools/bin/../lib/gcc/arm-none-eabi/13.3.1/thumb/v7e-m+fp/hard/crtbegin.o
 .text          0x08000210       0x10 C:/ST/STM32CubeIDE_1.19.0_UBA/STM32CubeIDE/plugins/com.st.stm32cube.ide.mcu.externaltools.gnu-tools-for-stm32.13.3.rel1.win32_1.0.0.202411081344/tools/bin/../lib/gcc/arm-none-eabi/13.3.1/../../../../arm-none-eabi/lib/thumb/v7e-m+fp/hard\libc_nano.a(libc_a-strlen.o)
                0x08000210                strlen
 .text          0x08000220       0xa0 C:/ST/STM32CubeIDE_1.19.0_UBA/STM32CubeIDE/plugins/com.st.stm32cube.ide.mcu.externaltools.gnu-tools-for-stm32.13.3.rel1.win32_1.0.0.202411081344/tools/bin/../lib/gcc/arm-none-eabi/13.3.1/../../../../arm-none-eabi/lib/thumb/v7e-m+fp/hard\libc_nano.a(libc_a-memchr.o)
                0x08000220                memchr
 .text          0x080002c0       0x30 C:/ST/STM32CubeIDE_1.19.0_UBA/STM32CubeIDE/plugins/com.st.stm32cube.ide.mcu.externaltools.gnu-tools-for-stm32.13.3.rel1.win32_1.0.0.202411081344/tools/bin/../lib/gcc/arm-none-eabi/13.3.1/thumb/v7e-m+fp/hard\libgcc.a(_aeabi_uldivmod.o)
                0x080002c0                __aeabi_uldivmod
 .text          0x080002f0      0x2f8 C:/ST/STM32CubeIDE_1.19.0_UBA/STM32CubeIDE/plugins/com.st.stm32cube.ide.mcu.externaltools.gnu-tools-for-stm32.13.3.rel1.win32_1.0.0.202411081344/tools/bin/../lib/gcc/arm-none-eabi/13.3.1/thumb/v7e-m+fp/hard\libgcc.a(_udivmoddi4.o)
                0x080002f0                __udivmoddi4
 .text          0x080005e8        0x4 C:/ST/STM32CubeIDE_1.19.0_UBA/STM32CubeIDE/plugins/com.st.stm32cube.ide.mcu.externaltools.gnu-tools-for-stm32.13.3.rel1.win32_1.0.0.202411081344/tools/bin/../lib/gcc/arm-none-eabi/13.3.1/thumb/v7e-m+fp/hard\libgcc.a(_dvmd_tls.o)
                0x080005e8                __aeabi_idiv0
                0x080005e8                __aeabi_ldiv0
 *(.text*)
 .text.vApplicationGetIdleTaskMemory
                0x080005ec       0x34 ./Core/Src/freertos.o
                0x080005ec                vApplicationGetIdleTaskMemory
 .text.main     0x08000620       0x34 ./Core/Src/main.o
                0x08000620                main
 .text.SystemClock_Config
                0x08000654       0xdc ./Core/Src/main.o
                0x08000654                SystemClock_Config
 .text.MX_TIM2_Init
                0x08000730       0x98 ./Core/Src/main.o
 .text.MX_USART2_UART_Init
                0x080007c8       0x54 ./Core/Src/main.o
 .text.MX_GPIO_Init
                0x0800081c       0xdc ./Core/Src/main.o
 .text.configureTimerForRunTimeStats
                0x080008f8       0x18 ./Core/Src/main.o
                0x080008f8                configureTimerForRunTimeStats
 .text.getRunTimeCounterValue
                0x08000910       0x18 ./Core/Src/main.o
                0x08000910                getRunTimeCounterValue
 .text.HAL_TIM_PeriodElapsedCallback
                0x08000928       0x3c ./Core/Src/main.o
                0x08000928                HAL_TIM_PeriodElapsedCallback
 .text.Error_Handler
                0x08000964        0xc ./Core/Src/main.o
                0x08000964                Error_Handler
 .text.HAL_MspInit
                0x08000970       0x58 ./Core/Src/stm32f4xx_hal_msp.o
                0x08000970                HAL_MspInit
 .text.HAL_TIM_Base_MspInit
                0x080009c8       0x4c ./Core/Src/stm32f4xx_hal_msp.o
                0x080009c8                HAL_TIM_Base_MspInit
 .text.HAL_UART_MspInit
                0x08000a14       0x90 ./Core/Src/stm32f4xx_hal_msp.o
                0x08000a14                HAL_UART_MspInit
 .text.HAL_InitTick
                0x08000aa4       0xe4 ./Core/Src/stm32f4xx_hal_timebase_tim.o
                0x08000aa4                HAL_InitTick
 .text.NMI_Handler
                0x08000b88        0x8 ./Core/Src/stm32f4xx_it.o
                0x08000b88                NMI_Handler
 .text.HardFault_Handler
                0x08000b90        0x8 ./Core/Src/stm32f4xx_it.o
                0x08000b90                HardFault_Handler
 .text.MemManage_Handler
                0x08000b98        0x8 ./Core/Src/stm32f4xx_it.o
                0x08000b98                MemManage_Handler
 .text.BusFault_Handler
                0x08000ba0        0x8 ./Core/Src/stm32f4xx_it.o
                0x08000ba0                BusFault_Handler
 .text.UsageFault_Handler
                0x08000ba8        0x8 ./Core/Src/stm32f4xx_it.o
                0x08000ba8                UsageFault_Handler
 .text.DebugMon_Handler
                0x08000bb0        0xe ./Core/Src/stm32f4xx_it.o
                0x08000bb0                DebugMon_Handler
 *fill*         0x08000bbe        0x2 
 .text.TIM1_UP_TIM10_IRQHandler
                0x08000bc0       0x14 ./Core/Src/stm32f4xx_it.o
                0x08000bc0                TIM1_UP_TIM10_IRQHandler
 .text.TIM2_IRQHandler
                0x08000bd4       0x14 ./Core/Src/stm32f4xx_it.o
                0x08000bd4                TIM2_IRQHandler
 .text._sbrk    0x08000be8       0x6c ./Core/Src/sysmem.o
                0x08000be8                _sbrk
 .text.SystemInit
                0x08000c54       0x24 ./Core/Src/system_stm32f4xx.o
                0x08000c54                SystemInit
 .text.Reset_Handler
                0x08000c78       0x50 ./Core/Startup/startup_stm32f446retx.o
                0x08000c78                Reset_Handler
 .text.Default_Handler
                0x08000cc8        0x2 ./Core/Startup/startup_stm32f446retx.o
                0x08000cc8                RTC_Alarm_IRQHandler
                0x08000cc8                EXTI2_IRQHandler
                0x08000cc8                TIM8_CC_IRQHandler
                0x08000cc8                FMPI2C1_EV_IRQHandler
                0x08000cc8                SPI4_IRQHandler
                0x08000cc8                TIM1_CC_IRQHandler
                0x08000cc8                DMA2_Stream5_IRQHandler
                0x08000cc8                DMA1_Stream5_IRQHandler
                0x08000cc8                PVD_IRQHandler
                0x08000cc8                SDIO_IRQHandler
                0x08000cc8                TAMP_STAMP_IRQHandler
                0x08000cc8                CAN2_RX1_IRQHandler
                0x08000cc8                EXTI3_IRQHandler
                0x08000cc8                TIM8_TRG_COM_TIM14_IRQHandler
                0x08000cc8                TIM8_UP_TIM13_IRQHandler
                0x08000cc8                I2C3_ER_IRQHandler
                0x08000cc8                EXTI0_IRQHandler
                0x08000cc8                I2C2_EV_IRQHandler
                0x08000cc8                DMA1_Stream2_IRQHandler
                0x08000cc8                CAN1_RX0_IRQHandler
                0x08000cc8                FPU_IRQHandler
                0x08000cc8                OTG_HS_WKUP_IRQHandler
                0x08000cc8                CAN2_SCE_IRQHandler
                0x08000cc8                DMA2_Stream2_IRQHandler
                0x08000cc8                SPI1_IRQHandler
                0x08000cc8                TIM6_DAC_IRQHandler
                0x08000cc8                TIM1_BRK_TIM9_IRQHandler
                0x08000cc8                DCMI_IRQHandler
                0x08000cc8                CAN2_RX0_IRQHandler
                0x08000cc8                DMA2_Stream3_IRQHandler
                0x08000cc8                SAI2_IRQHandler
                0x08000cc8                USART6_IRQHandler
                0x08000cc8                USART3_IRQHandler
                0x08000cc8                CAN1_RX1_IRQHandler
                0x08000cc8                UART5_IRQHandler
                0x08000cc8                DMA2_Stream0_IRQHandler
                0x08000cc8                TIM4_IRQHandler
                0x08000cc8                QUADSPI_IRQHandler
                0x08000cc8                I2C1_EV_IRQHandler
                0x08000cc8                DMA1_Stream6_IRQHandler
                0x08000cc8                DMA1_Stream1_IRQHandler
                0x08000cc8                UART4_IRQHandler
                0x08000cc8                TIM3_IRQHandler
                0x08000cc8                RCC_IRQHandler
                0x08000cc8                TIM8_BRK_TIM12_IRQHandler
                0x08000cc8                Default_Handler
                0x08000cc8                CEC_IRQHandler
                0x08000cc8                EXTI15_10_IRQHandler
                0x08000cc8                ADC_IRQHandler
                0x08000cc8                DMA1_Stream7_IRQHandler
                0x08000cc8                TIM7_IRQHandler
                0x08000cc8                CAN2_TX_IRQHandler
                0x08000cc8                TIM5_IRQHandler
                0x08000cc8                DMA2_Stream7_IRQHandler
                0x08000cc8                I2C3_EV_IRQHandler
                0x08000cc8                EXTI9_5_IRQHandler
                0x08000cc8                RTC_WKUP_IRQHandler
                0x08000cc8                SPDIF_RX_IRQHandler
                0x08000cc8                SPI2_IRQHandler
                0x08000cc8                OTG_HS_EP1_IN_IRQHandler
                0x08000cc8                DMA1_Stream0_IRQHandler
                0x08000cc8                CAN1_TX_IRQHandler
                0x08000cc8                FMPI2C1_ER_IRQHandler
                0x08000cc8                EXTI4_IRQHandler
                0x08000cc8                OTG_HS_EP1_OUT_IRQHandler
                0x08000cc8                WWDG_IRQHandler
                0x08000cc8                OTG_FS_WKUP_IRQHandler
                0x08000cc8                TIM1_TRG_COM_TIM11_IRQHandler
                0x08000cc8                OTG_HS_IRQHandler
                0x08000cc8                EXTI1_IRQHandler
                0x08000cc8                USART2_IRQHandler
                0x08000cc8                I2C2_ER_IRQHandler
                0x08000cc8                DMA2_Stream1_IRQHandler
                0x08000cc8                CAN1_SCE_IRQHandler
                0x08000cc8                FLASH_IRQHandler
                0x08000cc8                DMA2_Stream4_IRQHandler
                0x08000cc8                USART1_IRQHandler
                0x08000cc8                OTG_FS_IRQHandler
                0x08000cc8                SPI3_IRQHandler
                0x08000cc8                DMA1_Stream4_IRQHandler
                0x08000cc8                I2C1_ER_IRQHandler
                0x08000cc8                FMC_IRQHandler
                0x08000cc8                DMA2_Stream6_IRQHandler
                0x08000cc8                SAI1_IRQHandler
                0x08000cc8                DMA1_Stream3_IRQHandler
 *fill*         0x08000cca        0x2 
 .text.HAL_Init
                0x08000ccc       0x44 ./Drivers/STM32F4xx_HAL_Driver/Src/stm32f4xx_hal.o
                0x08000ccc                HAL_Init
 .text.HAL_IncTick
                0x08000d10       0x28 ./Drivers/STM32F4xx_HAL_Driver/Src/stm32f4xx_hal.o
                0x08000d10                HAL_IncTick
 .text.HAL_GetTick
                0x08000d38       0x18 ./Drivers/STM32F4xx_HAL_Driver/Src/stm32f4xx_hal.o
                0x08000d38                HAL_GetTick
 .text.__NVIC_SetPriorityGrouping
                0x08000d50       0x48 ./Drivers/STM32F4xx_HAL_Driver/Src/stm32f4xx_hal_cortex.o
 .text.__NVIC_GetPriorityGrouping
                0x08000d98       0x1c ./Drivers/STM32F4xx_HAL_Driver/Src/stm32f4xx_hal_cortex.o
 .text.__NVIC_EnableIRQ
                0x08000db4       0x3c ./Drivers/STM32F4xx_HAL_Driver/Src/stm32f4xx_hal_cortex.o
 .text.__NVIC_SetPriority
                0x08000df0       0x54 ./Drivers/STM32F4xx_HAL_Driver/Src/stm32f4xx_hal_cortex.o
 .text.NVIC_EncodePriority
                0x08000e44       0x66 ./Drivers/STM32F4xx_HAL_Driver/Src/stm32f4xx_hal_cortex.o
 .text.HAL_NVIC_SetPriorityGrouping
                0x08000eaa       0x16 ./Drivers/STM32F4xx_HAL_Driver/Src/stm32f4xx_hal_cortex.o
                0x08000eaa                HAL_NVIC_SetPriorityGrouping
 .text.HAL_NVIC_SetPriority
                0x08000ec0       0x38 ./Drivers/STM32F4xx_HAL_Driver/Src/stm32f4xx_hal_cortex.o
                0x08000ec0                HAL_NVIC_SetPriority
 .text.HAL_NVIC_EnableIRQ
                0x08000ef8       0x1c ./Drivers/STM32F4xx_HAL_Driver/Src/stm32f4xx_hal_cortex.o
                0x08000ef8                HAL_NVIC_EnableIRQ
 .text.HAL_GPIO_Init
                0x08000f14      0x328 ./Drivers/STM32F4xx_HAL_Driver/Src/stm32f4xx_hal_gpio.o
                0x08000f14                HAL_GPIO_Init
 .text.HAL_GPIO_WritePin
                0x0800123c       0x32 ./Drivers/STM32F4xx_HAL_Driver/Src/stm32f4xx_hal_gpio.o
                0x0800123c                HAL_GPIO_WritePin
 *fill*         0x0800126e        0x2 
 .text.HAL_RCC_ClockConfig
                0x08001270      0x1cc ./Drivers/STM32F4xx_HAL_Driver/Src/stm32f4xx_hal_rcc.o
                0x08001270                HAL_RCC_ClockConfig
 .text.HAL_RCC_GetHCLKFreq
                0x0800143c       0x18 ./Drivers/STM32F4xx_HAL_Driver/Src/stm32f4xx_hal_rcc.o
                0x0800143c                HAL_RCC_GetHCLKFreq
 .text.HAL_RCC_GetPCLK1Freq
                0x08001454       0x28 ./Drivers/STM32F4xx_HAL_Driver/Src/stm32f4xx_hal_rcc.o
                0x08001454                HAL_RCC_GetPCLK1Freq
 .text.HAL_RCC_GetPCLK2Freq
                0x0800147c       0x28 ./Drivers/STM32F4xx_HAL_Driver/Src/stm32f4xx_hal_rcc.o
                0x0800147c                HAL_RCC_GetPCLK2Freq
 .text.HAL_RCC_GetClockConfig
                0x080014a4       0x64 ./Drivers/STM32F4xx_HAL_Driver/Src/stm32f4xx_hal_rcc.o
                0x080014a4                HAL_RCC_GetClockConfig
 .text.HAL_RCC_GetSysClockFreq
                0x08001508      0x460 ./Drivers/STM32F4xx_HAL_Driver/Src/stm32f4xx_hal_rcc_ex.o
                0x08001508                HAL_RCC_GetSysClockFreq
 .text.HAL_RCC_OscConfig
                0x08001968      0x53c ./Drivers/STM32F4xx_HAL_Driver/Src/stm32f4xx_hal_rcc_ex.o
                0x08001968                HAL_RCC_OscConfig
 .text.HAL_TIM_Base_Init
                0x08001ea4       0x9e ./Drivers/STM32F4xx_HAL_Driver/Src/stm32f4xx_hal_tim.o
                0x08001ea4                HAL_TIM_Base_Init
 *fill*         0x08001f42        0x2 
 .text.HAL_TIM_Base_Start_IT
                0x08001f44       0xe0 ./Drivers/STM32F4xx_HAL_Driver/Src/stm32f4xx_hal_tim.o
                0x08001f44                HAL_TIM_Base_Start_IT
 .text.HAL_TIM_IRQHandler
                0x08002024      0x1e0 ./Drivers/STM32F4xx_HAL_Driver/Src/stm32f4xx_hal_tim.o
                0x08002024                HAL_TIM_IRQHandler
 .text.HAL_TIM_ConfigClockSource
                0x08002204      0x18e ./Drivers/STM32F4xx_HAL_Driver/Src/stm32f4xx_hal_tim.o
                0x08002204                HAL_TIM_ConfigClockSource
 .text.HAL_TIM_OC_DelayElapsedCallback
                0x08002392       0x14 ./Drivers/STM32F4xx_HAL_Driver/Src/stm32f4xx_hal_tim.o
                0x08002392                HAL_TIM_OC_DelayElapsedCallback
 .text.HAL_TIM_IC_CaptureCallback
                0x080023a6       0x14 ./Drivers/STM32F4xx_HAL_Driver/Src/stm32f4xx_hal_tim.o
                0x080023a6                HAL_TIM_IC_CaptureCallback
 .text.HAL_TIM_PWM_PulseFinishedCallback
                0x080023ba       0x14 ./Drivers/STM32F4xx_HAL_Driver/Src/stm32f4xx_hal_tim.o
                0x080023ba                HAL_TIM_PWM_PulseFinishedCallback
 .text.HAL_TIM_TriggerCallback
                0x080023ce       0x14 ./Drivers/STM32F4xx_HAL_Driver/Src/stm32f4xx_hal_tim.o
                0x080023ce                HAL_TIM_TriggerCallback
 *fill*         0x080023e2        0x2 
 .text.TIM_Base_SetConfig
                0x080023e4      0x14c ./Drivers/STM32F4xx_HAL_Driver/Src/stm32f4xx_hal_tim.o
                0x080023e4                TIM_Base_SetConfig
 .text.TIM_TI1_ConfigInputStage
                0x08002530       0x5e ./Drivers/STM32F4xx_HAL_Driver/Src/stm32f4xx_hal_tim.o
 .text.TIM_TI2_ConfigInputStage
                0x0800258e       0x60 ./Drivers/STM32F4xx_HAL_Driver/Src/stm32f4xx_hal_tim.o
 .text.TIM_ITRx_SetConfig
                0x080025ee       0x36 ./Drivers/STM32F4xx_HAL_Driver/Src/stm32f4xx_hal_tim.o
 .text.TIM_ETR_SetConfig
                0x08002624       0x40 ./Drivers/STM32F4xx_HAL_Driver/Src/stm32f4xx_hal_tim.o
                0x08002624                TIM_ETR_SetConfig
 .text.HAL_TIMEx_MasterConfigSynchronization
                0x08002664       0xf8 ./Drivers/STM32F4xx_HAL_Driver/Src/stm32f4xx_hal_tim_ex.o
                0x08002664                HAL_TIMEx_MasterConfigSynchronization
 .text.HAL_TIMEx_CommutCallback
                0x0800275c       0x14 ./Drivers/STM32F4xx_HAL_Driver/Src/stm32f4xx_hal_tim_ex.o
                0x0800275c                HAL_TIMEx_CommutCallback
 .text.HAL_TIMEx_BreakCallback
                0x08002770       0x14 ./Drivers/STM32F4xx_HAL_Driver/Src/stm32f4xx_hal_tim_ex.o
                0x08002770                HAL_TIMEx_BreakCallback
 .text.HAL_UART_Init
                0x08002784       0xa0 ./Drivers/STM32F4xx_HAL_Driver/Src/stm32f4xx_hal_uart.o
                0x08002784                HAL_UART_Init
 .text.UART_SetConfig
                0x08002824      0x4e8 ./Drivers/STM32F4xx_HAL_Driver/Src/stm32f4xx_hal_uart.o
 .text.osKernelStart
                0x08002d0c        0xe ./Middlewares/Third_Party/FreeRTOS/Source/CMSIS_RTOS/cmsis_os.o
                0x08002d0c                osKernelStart
 .text.vListInitialise
                0x08002d1a       0x40 ./Middlewares/Third_Party/FreeRTOS/Source/list.o
                0x08002d1a                vListInitialise
 .text.vListInitialiseItem
                0x08002d5a       0x1a ./Middlewares/Third_Party/FreeRTOS/Source/list.o
                0x08002d5a                vListInitialiseItem
 .text.vListInsertEnd
                0x08002d74       0x48 ./Middlewares/Third_Party/FreeRTOS/Source/list.o
                0x08002d74                vListInsertEnd
 .text.vListInsert
                0x08002dbc       0x72 ./Middlewares/Third_Party/FreeRTOS/Source/list.o
                0x08002dbc                vListInsert
 .text.uxListRemove
                0x08002e2e       0x54 ./Middlewares/Third_Party/FreeRTOS/Source/list.o
                0x08002e2e                uxListRemove
 *fill*         0x08002e82        0x2 
 .text.xQueueGenericReset
                0x08002e84       0xd4 ./Middlewares/Third_Party/FreeRTOS/Source/queue.o
                0x08002e84                xQueueGenericReset
 .text.xQueueGenericCreate
                0x08002f58       0x76 ./Middlewares/Third_Party/FreeRTOS/Source/queue.o
                0x08002f58                xQueueGenericCreate
 .text.prvInitialiseNewQueue
                0x08002fce       0x46 ./Middlewares/Third_Party/FreeRTOS/Source/queue.o
 .text.prvInitialiseMutex
                0x08003014       0x34 ./Middlewares/Third_Party/FreeRTOS/Source/queue.o
 .text.xQueueCreateMutex
                0x08003048       0x30 ./Middlewares/Third_Party/FreeRTOS/Source/queue.o
                0x08003048                xQueueCreateMutex
 .text.xQueueGenericSend
                0x08003078      0x204 ./Middlewares/Third_Party/FreeRTOS/Source/queue.o
                0x08003078                xQueueGenericSend
 .text.xQueueSemaphoreTake
                0x0800327c      0x220 ./Middlewares/Third_Party/FreeRTOS/Source/queue.o
                0x0800327c                xQueueSemaphoreTake
 .text.prvGetDisinheritPriorityAfterTimeout
                0x0800349c       0x30 ./Middlewares/Third_Party/FreeRTOS/Source/queue.o
 .text.prvCopyDataToQueue
                0x080034cc       0xd4 ./Middlewares/Third_Party/FreeRTOS/Source/queue.o
 .text.prvUnlockQueue
                0x080035a0       0xa4 ./Middlewares/Third_Party/FreeRTOS/Source/queue.o
 .text.prvIsQueueEmpty
                0x08003644       0x2c ./Middlewares/Third_Party/FreeRTOS/Source/queue.o
 .text.prvIsQueueFull
                0x08003670       0x30 ./Middlewares/Third_Party/FreeRTOS/Source/queue.o
 .text.vQueueAddToRegistry
                0x080036a0       0x54 ./Middlewares/Third_Party/FreeRTOS/Source/queue.o
                0x080036a0                vQueueAddToRegistry
 .text.xTaskCreateStatic
                0x080036f4       0xc0 ./Middlewares/Third_Party/FreeRTOS/Source/tasks.o
                0x080036f4                xTaskCreateStatic
 .text.xTaskCreate
                0x080037b4       0x8a ./Middlewares/Third_Party/FreeRTOS/Source/tasks.o
                0x080037b4                xTaskCreate
 .text.prvInitialiseNewTask
                0x0800383e      0x12c ./Middlewares/Third_Party/FreeRTOS/Source/tasks.o
 *fill*         0x0800396a        0x2 
 .text.prvAddNewTaskToReadyList
                0x0800396c       0xdc ./Middlewares/Third_Party/FreeRTOS/Source/tasks.o
 .text.vTaskDelayUntil
                0x08003a48      0x100 ./Middlewares/Third_Party/FreeRTOS/Source/tasks.o
                0x08003a48                vTaskDelayUntil
 .text.vTaskDelay
                0x08003b48       0x6c ./Middlewares/Third_Party/FreeRTOS/Source/tasks.o
                0x08003b48                vTaskDelay
 .text.uxTaskPriorityGet
                0x08003bb4       0x34 ./Middlewares/Third_Party/FreeRTOS/Source/tasks.o
                0x08003bb4                uxTaskPriorityGet
 .text.vTaskPrioritySet
                0x08003be8      0x154 ./Middlewares/Third_Party/FreeRTOS/Source/tasks.o
                0x08003be8                vTaskPrioritySet
 .text.vTaskStartScheduler
                0x08003d3c       0xc8 ./Middlewares/Third_Party/FreeRTOS/Source/tasks.o
                0x08003d3c                vTaskStartScheduler
 .text.vTaskSuspendAll
                0x08003e04       0x1c ./Middlewares/Third_Party/FreeRTOS/Source/tasks.o
                0x08003e04                vTaskSuspendAll
 .text.xTaskResumeAll
                0x08003e20      0x13c ./Middlewares/Third_Party/FreeRTOS/Source/tasks.o
                0x08003e20                xTaskResumeAll
 .text.xTaskGetTickCount
                0x08003f5c       0x20 ./Middlewares/Third_Party/FreeRTOS/Source/tasks.o
                0x08003f5c                xTaskGetTickCount
 .text.pcTaskGetName
                0x08003f7c       0x4c ./Middlewares/Third_Party/FreeRTOS/Source/tasks.o
                0x08003f7c                pcTaskGetName
 .text.xTaskIncrementTick
                0x08003fc8      0x184 ./Middlewares/Third_Party/FreeRTOS/Source/tasks.o
                0x08003fc8                xTaskIncrementTick
 .text.vTaskSwitchContext
                0x0800414c      0x110 ./Middlewares/Third_Party/FreeRTOS/Source/tasks.o
                0x0800414c                vTaskSwitchContext
 .text.vTaskPlaceOnEventList
                0x0800425c       0x4c ./Middlewares/Third_Party/FreeRTOS/Source/tasks.o
                0x0800425c                vTaskPlaceOnEventList
 .text.xTaskRemoveFromEventList
                0x080042a8       0xc8 ./Middlewares/Third_Party/FreeRTOS/Source/tasks.o
                0x080042a8                xTaskRemoveFromEventList
 .text.vTaskInternalSetTimeOutState
                0x08004370       0x2c ./Middlewares/Third_Party/FreeRTOS/Source/tasks.o
                0x08004370                vTaskInternalSetTimeOutState
 .text.xTaskCheckForTimeOut
                0x0800439c       0xc8 ./Middlewares/Third_Party/FreeRTOS/Source/tasks.o
                0x0800439c                xTaskCheckForTimeOut
 .text.vTaskMissedYield
                0x08004464       0x18 ./Middlewares/Third_Party/FreeRTOS/Source/tasks.o
                0x08004464                vTaskMissedYield
 .text.prvIdleTask
                0x0800447c       0x34 ./Middlewares/Third_Party/FreeRTOS/Source/tasks.o
 .text.prvInitialiseTaskLists
                0x080044b0       0x80 ./Middlewares/Third_Party/FreeRTOS/Source/tasks.o
 .text.prvCheckTasksWaitingTermination
                0x08004530       0x5c ./Middlewares/Third_Party/FreeRTOS/Source/tasks.o
 .text.prvDeleteTCB
                0x0800458c       0x60 ./Middlewares/Third_Party/FreeRTOS/Source/tasks.o
 .text.prvResetNextTaskUnblockTime
                0x080045ec       0x40 ./Middlewares/Third_Party/FreeRTOS/Source/tasks.o
 .text.xTaskGetSchedulerState
                0x0800462c       0x3c ./Middlewares/Third_Party/FreeRTOS/Source/tasks.o
                0x0800462c                xTaskGetSchedulerState
 .text.xTaskPriorityInherit
                0x08004668       0xec ./Middlewares/Third_Party/FreeRTOS/Source/tasks.o
                0x08004668                xTaskPriorityInherit
 .text.xTaskPriorityDisinherit
                0x08004754      0x110 ./Middlewares/Third_Party/FreeRTOS/Source/tasks.o
                0x08004754                xTaskPriorityDisinherit
 .text.vTaskPriorityDisinheritAfterTimeout
                0x08004864      0x120 ./Middlewares/Third_Party/FreeRTOS/Source/tasks.o
                0x08004864                vTaskPriorityDisinheritAfterTimeout
 .text.pvTaskIncrementMutexHeldCount
                0x08004984       0x28 ./Middlewares/Third_Party/FreeRTOS/Source/tasks.o
                0x08004984                pvTaskIncrementMutexHeldCount
 .text.prvAddCurrentTaskToDelayedList
                0x080049ac       0xcc ./Middlewares/Third_Party/FreeRTOS/Source/tasks.o
 .text.pxPortInitialiseStack
                0x08004a78       0x68 ./Middlewares/Third_Party/FreeRTOS/Source/portable/GCC/ARM_CM4F/port.o
                0x08004a78                pxPortInitialiseStack
 .text.prvTaskExitError
                0x08004ae0       0x5c ./Middlewares/Third_Party/FreeRTOS/Source/portable/GCC/ARM_CM4F/port.o
 *fill*         0x08004b3c        0x4 
 .text.SVC_Handler
                0x08004b40       0x28 ./Middlewares/Third_Party/FreeRTOS/Source/portable/GCC/ARM_CM4F/port.o
                0x08004b40                SVC_Handler
 .text.prvPortStartFirstTask
                0x08004b68       0x28 ./Middlewares/Third_Party/FreeRTOS/Source/portable/GCC/ARM_CM4F/port.o
 .text.xPortStartScheduler
                0x08004b90      0x148 ./Middlewares/Third_Party/FreeRTOS/Source/portable/GCC/ARM_CM4F/port.o
                0x08004b90                xPortStartScheduler
 .text.vPortEnterCritical
                0x08004cd8       0x64 ./Middlewares/Third_Party/FreeRTOS/Source/portable/GCC/ARM_CM4F/port.o
                0x08004cd8                vPortEnterCritical
 .text.vPortExitCritical
                0x08004d3c       0x54 ./Middlewares/Third_Party/FreeRTOS/Source/portable/GCC/ARM_CM4F/port.o
                0x08004d3c                vPortExitCritical
 .text.PendSV_Handler
                0x08004d90       0x68 ./Middlewares/Third_Party/FreeRTOS/Source/portable/GCC/ARM_CM4F/port.o
                0x08004d90                PendSV_Handler
 .text.SysTick_Handler
                0x08004df8       0x44 ./Middlewares/Third_Party/FreeRTOS/Source/portable/GCC/ARM_CM4F/port.o
                0x08004df8                SysTick_Handler
 .text.vPortSetupTimerInterrupt
                0x08004e3c       0x48 ./Middlewares/Third_Party/FreeRTOS/Source/portable/GCC/ARM_CM4F/port.o
                0x08004e3c                vPortSetupTimerInterrupt
 .text.vPortEnableVFP
                0x08004e84       0x14 ./Middlewares/Third_Party/FreeRTOS/Source/portable/GCC/ARM_CM4F/port.o
 .text.pvPortMalloc
                0x08004e98      0x19c ./Middlewares/Third_Party/FreeRTOS/Source/portable/MemMang/heap_4.o
                0x08004e98                pvPortMalloc
 .text.vPortFree
                0x08005034       0xc8 ./Middlewares/Third_Party/FreeRTOS/Source/portable/MemMang/heap_4.o
                0x08005034                vPortFree
 .text.xPortGetFreeHeapSize
                0x080050fc       0x18 ./Middlewares/Third_Party/FreeRTOS/Source/portable/MemMang/heap_4.o
                0x080050fc                xPortGetFreeHeapSize
 .text.prvHeapInit
                0x08005114       0xc4 ./Middlewares/Third_Party/FreeRTOS/Source/portable/MemMang/heap_4.o
 .text.prvInsertBlockIntoFreeList
                0x080051d8       0xb4 ./Middlewares/Third_Party/FreeRTOS/Source/portable/MemMang/heap_4.o
 .text.app_init
                0x0800528c      0x4e0 ./app/src/app.o
                0x0800528c                app_init
 .text.app_it_init
                0x0800576c       0x12 ./app/src/app_it.o
                0x0800576c                app_it_init
 *fill*         0x0800577e        0x2 
 .text.vApplicationIdleHook
                0x08005780       0x1c ./app/src/freertos.o
                0x08005780                vApplicationIdleHook
 .text.vApplicationTickHook
                0x0800579c       0x1c ./app/src/freertos.o
                0x0800579c                vApplicationTickHook
 .text.vApplicationStackOverflowHook
                0x080057b8       0x26 ./app/src/freertos.o
                0x080057b8                vApplicationStackOverflowHook
 *fill*         0x080057de        0x2 
 .text.logger_log_print_
                0x080057e0       0x28 ./app/src/logger.o
                0x080057e0                logger_log_print_
 .text.task_entry_a
                0x08005808      0x1fc ./app/src/task_entry_a.o
                0x08005808                task_entry_a
 .text.task_entry_b
                0x08005a04      0x1e4 ./app/src/task_entry_b.o
                0x08005a04                task_entry_b
 .text.task_exit_a
                0x08005be8      0x1f8 ./app/src/task_exit_a.o
                0x08005be8                task_exit_a
 .text.task_exit_b
                0x08005de0      0x1cc ./app/src/task_exit_b.o
                0x08005de0                task_exit_b
 .text.task_test
                0x08005fac      0x2a0 ./app/src/task_test.o
                0x08005fac                task_test
 .text.findslot
                0x0800624c       0x34 C:/ST/STM32CubeIDE_1.19.0_UBA/STM32CubeIDE/plugins/com.st.stm32cube.ide.mcu.externaltools.gnu-tools-for-stm32.13.3.rel1.win32_1.0.0.202411081344/tools/bin/../lib/gcc/arm-none-eabi/13.3.1/../../../../arm-none-eabi/lib/thumb/v7e-m+fp/hard\librdimon_nano.a(arm_librdimon_a-syscalls.o)
 .text.error    0x08006280       0x1c C:/ST/STM32CubeIDE_1.19.0_UBA/STM32CubeIDE/plugins/com.st.stm32cube.ide.mcu.externaltools.gnu-tools-for-stm32.13.3.rel1.win32_1.0.0.202411081344/tools/bin/../lib/gcc/arm-none-eabi/13.3.1/../../../../arm-none-eabi/lib/thumb/v7e-m+fp/hard\librdimon_nano.a(arm_librdimon_a-syscalls.o)
 .text.checkerror
                0x0800629c        0xa C:/ST/STM32CubeIDE_1.19.0_UBA/STM32CubeIDE/plugins/com.st.stm32cube.ide.mcu.externaltools.gnu-tools-for-stm32.13.3.rel1.win32_1.0.0.202411081344/tools/bin/../lib/gcc/arm-none-eabi/13.3.1/../../../../arm-none-eabi/lib/thumb/v7e-m+fp/hard\librdimon_nano.a(arm_librdimon_a-syscalls.o)
 .text._swiread
                0x080062a6       0x20 C:/ST/STM32CubeIDE_1.19.0_UBA/STM32CubeIDE/plugins/com.st.stm32cube.ide.mcu.externaltools.gnu-tools-for-stm32.13.3.rel1.win32_1.0.0.202411081344/tools/bin/../lib/gcc/arm-none-eabi/13.3.1/../../../../arm-none-eabi/lib/thumb/v7e-m+fp/hard\librdimon_nano.a(arm_librdimon_a-syscalls.o)
                0x080062a6                _swiread
 .text._read    0x080062c6       0x34 C:/ST/STM32CubeIDE_1.19.0_UBA/STM32CubeIDE/plugins/com.st.stm32cube.ide.mcu.externaltools.gnu-tools-for-stm32.13.3.rel1.win32_1.0.0.202411081344/tools/bin/../lib/gcc/arm-none-eabi/13.3.1/../../../../arm-none-eabi/lib/thumb/v7e-m+fp/hard\librdimon_nano.a(arm_librdimon_a-syscalls.o)
                0x080062c6                _read
 .text._swilseek
                0x080062fa       0x78 C:/ST/STM32CubeIDE_1.19.0_UBA/STM32CubeIDE/plugins/com.st.stm32cube.ide.mcu.externaltools.gnu-tools-for-stm32.13.3.rel1.win32_1.0.0.202411081344/tools/bin/../lib/gcc/arm-none-eabi/13.3.1/../../../../arm-none-eabi/lib/thumb/v7e-m+fp/hard\librdimon_nano.a(arm_librdimon_a-syscalls.o)
                0x080062fa                _swilseek
 .text._lseek   0x08006372        0x4 C:/ST/STM32CubeIDE_1.19.0_UBA/STM32CubeIDE/plugins/com.st.stm32cube.ide.mcu.externaltools.gnu-tools-for-stm32.13.3.rel1.win32_1.0.0.202411081344/tools/bin/../lib/gcc/arm-none-eabi/13.3.1/../../../../arm-none-eabi/lib/thumb/v7e-m+fp/hard\librdimon_nano.a(arm_librdimon_a-syscalls.o)
                0x08006372                _lseek
 .text._swiwrite
                0x08006376       0x20 C:/ST/STM32CubeIDE_1.19.0_UBA/STM32CubeIDE/plugins/com.st.stm32cube.ide.mcu.externaltools.gnu-tools-for-stm32.13.3.rel1.win32_1.0.0.202411081344/tools/bin/../lib/gcc/arm-none-eabi/13.3.1/../../../../arm-none-eabi/lib/thumb/v7e-m+fp/hard\librdimon_nano.a(arm_librdimon_a-syscalls.o)
                0x08006376                _swiwrite
 .text._write   0x08006396       0x40 C:/ST/STM32CubeIDE_1.19.0_UBA/STM32CubeIDE/plugins/com.st.stm32cube.ide.mcu.externaltools.gnu-tools-for-stm32.13.3.rel1.win32_1.0.0.202411081344/tools/bin/../lib/gcc/arm-none-eabi/13.3.1/../../../../arm-none-eabi/lib/thumb/v7e-m+fp/hard\librdimon_nano.a(arm_librdimon_a-syscalls.o)
                0x08006396                _write
 .text._swiclose
                0x080063d6       0x1a C:/ST/STM32CubeIDE_1.19.0_UBA/STM32CubeIDE/plugins/com.st.stm32cube.ide.mcu.externaltools.gnu-tools-for-stm32.13.3.rel1.win32_1.0.0.202411081344/tools/bin/../lib/gcc/arm-none-eabi/13.3.1/../../../../arm-none-eabi/lib/thumb/v7e-m+fp/hard\librdimon_nano.a(arm_librdimon_a-syscalls.o)
                0x080063d6                _swiclose
 .text._close   0x080063f0       0x4c C:/ST/STM32CubeIDE_1.19.0_UBA/STM32CubeIDE/plugins/com.st.stm32cube.ide.mcu.externaltools.gnu-tools-for-stm32.13.3.rel1.win32_1.0.0.202411081344/tools/bin/../lib/gcc/arm-none-eabi/13.3.1/../../../../arm-none-eabi/lib/thumb/v7e-m+fp/hard\librdimon_nano.a(arm_librdimon_a-syscalls.o)
                0x080063f0                _close
 .text._swistat
                0x0800643c       0x42 C:/ST/STM32CubeIDE_1.19.0_UBA/STM32CubeIDE/plugins/com.st.stm32cube.ide.mcu.externaltools.gnu-tools-for-stm32.13.3.rel1.win32_1.0.0.202411081344/tools/bin/../lib/gcc/arm-none-eabi/13.3.1/../../../../arm-none-eabi/lib/thumb/v7e-m+fp/hard\librdimon_nano.a(arm_librdimon_a-syscalls.o)
                0x0800643c                _swistat
 .text._fstat   0x0800647e       0x1c C:/ST/STM32CubeIDE_1.19.0_UBA/STM32CubeIDE/plugins/com.st.stm32cube.ide.mcu.externaltools.gnu-tools-for-stm32.13.3.rel1.win32_1.0.0.202411081344/tools/bin/../lib/gcc/arm-none-eabi/13.3.1/../../../../arm-none-eabi/lib/thumb/v7e-m+fp/hard\librdimon_nano.a(arm_librdimon_a-syscalls.o)
                0x0800647e                _fstat
 .text._stat    0x0800649a       0x3a C:/ST/STM32CubeIDE_1.19.0_UBA/STM32CubeIDE/plugins/com.st.stm32cube.ide.mcu.externaltools.gnu-tools-for-stm32.13.3.rel1.win32_1.0.0.202411081344/tools/bin/../lib/gcc/arm-none-eabi/13.3.1/../../../../arm-none-eabi/lib/thumb/v7e-m+fp/hard\librdimon_nano.a(arm_librdimon_a-syscalls.o)
                0x0800649a                _stat
 .text._swiopen
                0x080064d4       0xb4 C:/ST/STM32CubeIDE_1.19.0_UBA/STM32CubeIDE/plugins/com.st.stm32cube.ide.mcu.externaltools.gnu-tools-for-stm32.13.3.rel1.win32_1.0.0.202411081344/tools/bin/../lib/gcc/arm-none-eabi/13.3.1/../../../../arm-none-eabi/lib/thumb/v7e-m+fp/hard\librdimon_nano.a(arm_librdimon_a-syscalls.o)
                0x080064d4                _swiopen
 .text._get_semihosting_exts
                0x08006588       0xb4 C:/ST/STM32CubeIDE_1.19.0_UBA/STM32CubeIDE/plugins/com.st.stm32cube.ide.mcu.externaltools.gnu-tools-for-stm32.13.3.rel1.win32_1.0.0.202411081344/tools/bin/../lib/gcc/arm-none-eabi/13.3.1/../../../../arm-none-eabi/lib/thumb/v7e-m+fp/hard\librdimon_nano.a(arm_librdimon_a-syscalls.o)
                0x08006588                _get_semihosting_exts
 .text.initialise_semihosting_exts
                0x0800663c       0x34 C:/ST/STM32CubeIDE_1.19.0_UBA/STM32CubeIDE/plugins/com.st.stm32cube.ide.mcu.externaltools.gnu-tools-for-stm32.13.3.rel1.win32_1.0.0.202411081344/tools/bin/../lib/gcc/arm-none-eabi/13.3.1/../../../../arm-none-eabi/lib/thumb/v7e-m+fp/hard\librdimon_nano.a(arm_librdimon_a-syscalls.o)
 .text._has_ext_stdout_stderr
                0x08006670       0x18 C:/ST/STM32CubeIDE_1.19.0_UBA/STM32CubeIDE/plugins/com.st.stm32cube.ide.mcu.externaltools.gnu-tools-for-stm32.13.3.rel1.win32_1.0.0.202411081344/tools/bin/../lib/gcc/arm-none-eabi/13.3.1/../../../../arm-none-eabi/lib/thumb/v7e-m+fp/hard\librdimon_nano.a(arm_librdimon_a-syscalls.o)
                0x08006670                _has_ext_stdout_stderr
 .text.initialise_monitor_handles
                0x08006688       0xc0 C:/ST/STM32CubeIDE_1.19.0_UBA/STM32CubeIDE/plugins/com.st.stm32cube.ide.mcu.externaltools.gnu-tools-for-stm32.13.3.rel1.win32_1.0.0.202411081344/tools/bin/../lib/gcc/arm-none-eabi/13.3.1/../../../../arm-none-eabi/lib/thumb/v7e-m+fp/hard\librdimon_nano.a(arm_librdimon_a-syscalls.o)
                0x08006688                initialise_monitor_handles
 .text._isatty  0x08006748       0x3a C:/ST/STM32CubeIDE_1.19.0_UBA/STM32CubeIDE/plugins/com.st.stm32cube.ide.mcu.externaltools.gnu-tools-for-stm32.13.3.rel1.win32_1.0.0.202411081344/tools/bin/../lib/gcc/arm-none-eabi/13.3.1/../../../../arm-none-eabi/lib/thumb/v7e-m+fp/hard\librdimon_nano.a(arm_librdimon_a-syscalls.o)
                0x08006748                _isatty
 *fill*         0x08006782        0x2 
 .text.__sflush_r
                0x08006784      0x108 C:/ST/STM32CubeIDE_1.19.0_UBA/STM32CubeIDE/plugins/com.st.stm32cube.ide.mcu.externaltools.gnu-tools-for-stm32.13.3.rel1.win32_1.0.0.202411081344/tools/bin/../lib/gcc/arm-none-eabi/13.3.1/../../../../arm-none-eabi/lib/thumb/v7e-m+fp/hard\libc_nano.a(libc_a-fflush.o)
                0x08006784                __sflush_r
 .text._fflush_r
                0x0800688c       0x50 C:/ST/STM32CubeIDE_1.19.0_UBA/STM32CubeIDE/plugins/com.st.stm32cube.ide.mcu.externaltools.gnu-tools-for-stm32.13.3.rel1.win32_1.0.0.202411081344/tools/bin/../lib/gcc/arm-none-eabi/13.3.1/../../../../arm-none-eabi/lib/thumb/v7e-m+fp/hard\libc_nano.a(libc_a-fflush.o)
                0x0800688c                _fflush_r
 .text.fflush   0x080068dc       0x28 C:/ST/STM32CubeIDE_1.19.0_UBA/STM32CubeIDE/plugins/com.st.stm32cube.ide.mcu.externaltools.gnu-tools-for-stm32.13.3.rel1.win32_1.0.0.202411081344/tools/bin/../lib/gcc/arm-none-eabi/13.3.1/../../../../arm-none-eabi/lib/thumb/v7e-m+fp/hard\libc_nano.a(libc_a-fflush.o)
                0x080068dc                fflush
 .text.std      0x08006904       0x6c C:/ST/STM32CubeIDE_1.19.0_UBA/STM32CubeIDE/plugins/com.st.stm32cube.ide.mcu.externaltools.gnu-tools-for-stm32.13.3.rel1.win32_1.0.0.202411081344/tools/bin/../lib/gcc/arm-none-eabi/13.3.1/../../../../arm-none-eabi/lib/thumb/v7e-m+fp/hard\libc_nano.a(libc_a-findfp.o)
 .text.stdio_exit_handler
                0x08006970       0x18 C:/ST/STM32CubeIDE_1.19.0_UBA/STM32CubeIDE/plugins/com.st.stm32cube.ide.mcu.externaltools.gnu-tools-for-stm32.13.3.rel1.win32_1.0.0.202411081344/tools/bin/../lib/gcc/arm-none-eabi/13.3.1/../../../../arm-none-eabi/lib/thumb/v7e-m+fp/hard\libc_nano.a(libc_a-findfp.o)
 .text.cleanup_stdio
                0x08006988       0x40 C:/ST/STM32CubeIDE_1.19.0_UBA/STM32CubeIDE/plugins/com.st.stm32cube.ide.mcu.externaltools.gnu-tools-for-stm32.13.3.rel1.win32_1.0.0.202411081344/tools/bin/../lib/gcc/arm-none-eabi/13.3.1/../../../../arm-none-eabi/lib/thumb/v7e-m+fp/hard\libc_nano.a(libc_a-findfp.o)
 .text.global_stdio_init.part.0
                0x080069c8       0x3c C:/ST/STM32CubeIDE_1.19.0_UBA/STM32CubeIDE/plugins/com.st.stm32cube.ide.mcu.externaltools.gnu-tools-for-stm32.13.3.rel1.win32_1.0.0.202411081344/tools/bin/../lib/gcc/arm-none-eabi/13.3.1/../../../../arm-none-eabi/lib/thumb/v7e-m+fp/hard\libc_nano.a(libc_a-findfp.o)
 .text.__sfp_lock_acquire
                0x08006a04        0xc C:/ST/STM32CubeIDE_1.19.0_UBA/STM32CubeIDE/plugins/com.st.stm32cube.ide.mcu.externaltools.gnu-tools-for-stm32.13.3.rel1.win32_1.0.0.202411081344/tools/bin/../lib/gcc/arm-none-eabi/13.3.1/../../../../arm-none-eabi/lib/thumb/v7e-m+fp/hard\libc_nano.a(libc_a-findfp.o)
                0x08006a04                __sfp_lock_acquire
 .text.__sfp_lock_release
                0x08006a10        0xc C:/ST/STM32CubeIDE_1.19.0_UBA/STM32CubeIDE/plugins/com.st.stm32cube.ide.mcu.externaltools.gnu-tools-for-stm32.13.3.rel1.win32_1.0.0.202411081344/tools/bin/../lib/gcc/arm-none-eabi/13.3.1/../../../../arm-none-eabi/lib/thumb/v7e-m+fp/hard\libc_nano.a(libc_a-findfp.o)
                0x08006a10                __sfp_lock_release
 .text.__sinit  0x08006a1c       0x30 C:/ST/STM32CubeIDE_1.19.0_UBA/STM32CubeIDE/plugins/com.st.stm32cube.ide.mcu.externaltools.gnu-tools-for-stm32.13.3.rel1.win32_1.0.0.202411081344/tools/bin/../lib/gcc/arm-none-eabi/13.3.1/../../../../arm-none-eabi/lib/thumb/v7e-m+fp/hard\libc_nano.a(libc_a-findfp.o)
                0x08006a1c                __sinit
 .text._fwalk_sglue
                0x08006a4c       0x3c C:/ST/STM32CubeIDE_1.19.0_UBA/STM32CubeIDE/plugins/com.st.stm32cube.ide.mcu.externaltools.gnu-tools-for-stm32.13.3.rel1.win32_1.0.0.202411081344/tools/bin/../lib/gcc/arm-none-eabi/13.3.1/../../../../arm-none-eabi/lib/thumb/v7e-m+fp/hard\libc_nano.a(libc_a-fwalk.o)
                0x08006a4c                _fwalk_sglue
 .text.printf   0x08006a88       0x24 C:/ST/STM32CubeIDE_1.19.0_UBA/STM32CubeIDE/plugins/com.st.stm32cube.ide.mcu.externaltools.gnu-tools-for-stm32.13.3.rel1.win32_1.0.0.202411081344/tools/bin/../lib/gcc/arm-none-eabi/13.3.1/../../../../arm-none-eabi/lib/thumb/v7e-m+fp/hard\libc_nano.a(libc_a-printf.o)
                0x08006a88                iprintf
                0x08006a88                printf
 .text.snprintf
                0x08006aac       0x6c C:/ST/STM32CubeIDE_1.19.0_UBA/STM32CubeIDE/plugins/com.st.stm32cube.ide.mcu.externaltools.gnu-tools-for-stm32.13.3.rel1.win32_1.0.0.202411081344/tools/bin/../lib/gcc/arm-none-eabi/13.3.1/../../../../arm-none-eabi/lib/thumb/v7e-m+fp/hard\libc_nano.a(libc_a-snprintf.o)
                0x08006aac                sniprintf
                0x08006aac                snprintf
 .text.__sread  0x08006b18       0x22 C:/ST/STM32CubeIDE_1.19.0_UBA/STM32CubeIDE/plugins/com.st.stm32cube.ide.mcu.externaltools.gnu-tools-for-stm32.13.3.rel1.win32_1.0.0.202411081344/tools/bin/../lib/gcc/arm-none-eabi/13.3.1/../../../../arm-none-eabi/lib/thumb/v7e-m+fp/hard\libc_nano.a(libc_a-stdio.o)
                0x08006b18                __sread
 .text.__swrite
                0x08006b3a       0x38 C:/ST/STM32CubeIDE_1.19.0_UBA/STM32CubeIDE/plugins/com.st.stm32cube.ide.mcu.externaltools.gnu-tools-for-stm32.13.3.rel1.win32_1.0.0.202411081344/tools/bin/../lib/gcc/arm-none-eabi/13.3.1/../../../../arm-none-eabi/lib/thumb/v7e-m+fp/hard\libc_nano.a(libc_a-stdio.o)
                0x08006b3a                __swrite
 .text.__sseek  0x08006b72       0x24 C:/ST/STM32CubeIDE_1.19.0_UBA/STM32CubeIDE/plugins/com.st.stm32cube.ide.mcu.externaltools.gnu-tools-for-stm32.13.3.rel1.win32_1.0.0.202411081344/tools/bin/../lib/gcc/arm-none-eabi/13.3.1/../../../../arm-none-eabi/lib/thumb/v7e-m+fp/hard\libc_nano.a(libc_a-stdio.o)
                0x08006b72                __sseek
 .text.__sclose
                0x08006b96        0x8 C:/ST/STM32CubeIDE_1.19.0_UBA/STM32CubeIDE/plugins/com.st.stm32cube.ide.mcu.externaltools.gnu-tools-for-stm32.13.3.rel1.win32_1.0.0.202411081344/tools/bin/../lib/gcc/arm-none-eabi/13.3.1/../../../../arm-none-eabi/lib/thumb/v7e-m+fp/hard\libc_nano.a(libc_a-stdio.o)
                0x08006b96                __sclose
 .text.memset   0x08006b9e       0x10 C:/ST/STM32CubeIDE_1.19.0_UBA/STM32CubeIDE/plugins/com.st.stm32cube.ide.mcu.externaltools.gnu-tools-for-stm32.13.3.rel1.win32_1.0.0.202411081344/tools/bin/../lib/gcc/arm-none-eabi/13.3.1/../../../../arm-none-eabi/lib/thumb/v7e-m+fp/hard\libc_nano.a(libc_a-memset.o)
                0x08006b9e                memset
 *fill*         0x08006bae        0x2 
 .text._close_r
                0x08006bb0       0x20 C:/ST/STM32CubeIDE_1.19.0_UBA/STM32CubeIDE/plugins/com.st.stm32cube.ide.mcu.externaltools.gnu-tools-for-stm32.13.3.rel1.win32_1.0.0.202411081344/tools/bin/../lib/gcc/arm-none-eabi/13.3.1/../../../../arm-none-eabi/lib/thumb/v7e-m+fp/hard\libc_nano.a(libc_a-closer.o)
                0x08006bb0                _close_r
 .text._lseek_r
                0x08006bd0       0x24 C:/ST/STM32CubeIDE_1.19.0_UBA/STM32CubeIDE/plugins/com.st.stm32cube.ide.mcu.externaltools.gnu-tools-for-stm32.13.3.rel1.win32_1.0.0.202411081344/tools/bin/../lib/gcc/arm-none-eabi/13.3.1/../../../../arm-none-eabi/lib/thumb/v7e-m+fp/hard\libc_nano.a(libc_a-lseekr.o)
                0x08006bd0                _lseek_r
 .text._read_r  0x08006bf4       0x24 C:/ST/STM32CubeIDE_1.19.0_UBA/STM32CubeIDE/plugins/com.st.stm32cube.ide.mcu.externaltools.gnu-tools-for-stm32.13.3.rel1.win32_1.0.0.202411081344/tools/bin/../lib/gcc/arm-none-eabi/13.3.1/../../../../arm-none-eabi/lib/thumb/v7e-m+fp/hard\libc_nano.a(libc_a-readr.o)
                0x08006bf4                _read_r
 .text._write_r
                0x08006c18       0x24 C:/ST/STM32CubeIDE_1.19.0_UBA/STM32CubeIDE/plugins/com.st.stm32cube.ide.mcu.externaltools.gnu-tools-for-stm32.13.3.rel1.win32_1.0.0.202411081344/tools/bin/../lib/gcc/arm-none-eabi/13.3.1/../../../../arm-none-eabi/lib/thumb/v7e-m+fp/hard\libc_nano.a(libc_a-writer.o)
                0x08006c18                _write_r
 .text.__errno  0x08006c3c        0xc C:/ST/STM32CubeIDE_1.19.0_UBA/STM32CubeIDE/plugins/com.st.stm32cube.ide.mcu.externaltools.gnu-tools-for-stm32.13.3.rel1.win32_1.0.0.202411081344/tools/bin/../lib/gcc/arm-none-eabi/13.3.1/../../../../arm-none-eabi/lib/thumb/v7e-m+fp/hard\libc_nano.a(libc_a-errno.o)
                0x08006c3c                __errno
 .text.__libc_init_array
                0x08006c48       0x48 C:/ST/STM32CubeIDE_1.19.0_UBA/STM32CubeIDE/plugins/com.st.stm32cube.ide.mcu.externaltools.gnu-tools-for-stm32.13.3.rel1.win32_1.0.0.202411081344/tools/bin/../lib/gcc/arm-none-eabi/13.3.1/../../../../arm-none-eabi/lib/thumb/v7e-m+fp/hard\libc_nano.a(libc_a-init.o)
                0x08006c48                __libc_init_array
 .text.__retarget_lock_init_recursive
                0x08006c90        0x2 C:/ST/STM32CubeIDE_1.19.0_UBA/STM32CubeIDE/plugins/com.st.stm32cube.ide.mcu.externaltools.gnu-tools-for-stm32.13.3.rel1.win32_1.0.0.202411081344/tools/bin/../lib/gcc/arm-none-eabi/13.3.1/../../../../arm-none-eabi/lib/thumb/v7e-m+fp/hard\libc_nano.a(libc_a-lock.o)
                0x08006c90                __retarget_lock_init_recursive
 .text.__retarget_lock_acquire_recursive
                0x08006c92        0x2 C:/ST/STM32CubeIDE_1.19.0_UBA/STM32CubeIDE/plugins/com.st.stm32cube.ide.mcu.externaltools.gnu-tools-for-stm32.13.3.rel1.win32_1.0.0.202411081344/tools/bin/../lib/gcc/arm-none-eabi/13.3.1/../../../../arm-none-eabi/lib/thumb/v7e-m+fp/hard\libc_nano.a(libc_a-lock.o)
                0x08006c92                __retarget_lock_acquire_recursive
 .text.__retarget_lock_release_recursive
                0x08006c94        0x2 C:/ST/STM32CubeIDE_1.19.0_UBA/STM32CubeIDE/plugins/com.st.stm32cube.ide.mcu.externaltools.gnu-tools-for-stm32.13.3.rel1.win32_1.0.0.202411081344/tools/bin/../lib/gcc/arm-none-eabi/13.3.1/../../../../arm-none-eabi/lib/thumb/v7e-m+fp/hard\libc_nano.a(libc_a-lock.o)
                0x08006c94                __retarget_lock_release_recursive
 .text.memcpy   0x08006c96       0x1c C:/ST/STM32CubeIDE_1.19.0_UBA/STM32CubeIDE/plugins/com.st.stm32cube.ide.mcu.externaltools.gnu-tools-for-stm32.13.3.rel1.win32_1.0.0.202411081344/tools/bin/../lib/gcc/arm-none-eabi/13.3.1/../../../../arm-none-eabi/lib/thumb/v7e-m+fp/hard\libc_nano.a(libc_a-memcpy-stub.o)
                0x08006c96                memcpy
 *fill*         0x08006cb2        0x2 
 .text._free_r  0x08006cb4       0x94 C:/ST/STM32CubeIDE_1.19.0_UBA/STM32CubeIDE/plugins/com.st.stm32cube.ide.mcu.externaltools.gnu-tools-for-stm32.13.3.rel1.win32_1.0.0.202411081344/tools/bin/../lib/gcc/arm-none-eabi/13.3.1/../../../../arm-none-eabi/lib/thumb/v7e-m+fp/hard\libc_nano.a(libc_a-freer.o)
                0x08006cb4                _free_r
 .text.sbrk_aligned
                0x08006d48       0x44 C:/ST/STM32CubeIDE_1.19.0_UBA/STM32CubeIDE/plugins/com.st.stm32cube.ide.mcu.externaltools.gnu-tools-for-stm32.13.3.rel1.win32_1.0.0.202411081344/tools/bin/../lib/gcc/arm-none-eabi/13.3.1/../../../../arm-none-eabi/lib/thumb/v7e-m+fp/hard\libc_nano.a(libc_a-mallocr.o)
 .text._malloc_r
                0x08006d8c      0x100 C:/ST/STM32CubeIDE_1.19.0_UBA/STM32CubeIDE/plugins/com.st.stm32cube.ide.mcu.externaltools.gnu-tools-for-stm32.13.3.rel1.win32_1.0.0.202411081344/tools/bin/../lib/gcc/arm-none-eabi/13.3.1/../../../../arm-none-eabi/lib/thumb/v7e-m+fp/hard\libc_nano.a(libc_a-mallocr.o)
                0x08006d8c                _malloc_r
 .text.__malloc_lock
                0x08006e8c        0xc C:/ST/STM32CubeIDE_1.19.0_UBA/STM32CubeIDE/plugins/com.st.stm32cube.ide.mcu.externaltools.gnu-tools-for-stm32.13.3.rel1.win32_1.0.0.202411081344/tools/bin/../lib/gcc/arm-none-eabi/13.3.1/../../../../arm-none-eabi/lib/thumb/v7e-m+fp/hard\libc_nano.a(libc_a-mlock.o)
                0x08006e8c                __malloc_lock
 .text.__malloc_unlock
                0x08006e98        0xc C:/ST/STM32CubeIDE_1.19.0_UBA/STM32CubeIDE/plugins/com.st.stm32cube.ide.mcu.externaltools.gnu-tools-for-stm32.13.3.rel1.win32_1.0.0.202411081344/tools/bin/../lib/gcc/arm-none-eabi/13.3.1/../../../../arm-none-eabi/lib/thumb/v7e-m+fp/hard\libc_nano.a(libc_a-mlock.o)
                0x08006e98                __malloc_unlock
 .text.__ssputs_r
                0x08006ea4       0xb6 C:/ST/STM32CubeIDE_1.19.0_UBA/STM32CubeIDE/plugins/com.st.stm32cube.ide.mcu.externaltools.gnu-tools-for-stm32.13.3.rel1.win32_1.0.0.202411081344/tools/bin/../lib/gcc/arm-none-eabi/13.3.1/../../../../arm-none-eabi/lib/thumb/v7e-m+fp/hard\libc_nano.a(libc_a-nano-svfprintf.o)
                0x08006ea4                __ssputs_r
 *fill*         0x08006f5a        0x2 
 .text._svfprintf_r
                0x08006f5c      0x1f8 C:/ST/STM32CubeIDE_1.19.0_UBA/STM32CubeIDE/plugins/com.st.stm32cube.ide.mcu.externaltools.gnu-tools-for-stm32.13.3.rel1.win32_1.0.0.202411081344/tools/bin/../lib/gcc/arm-none-eabi/13.3.1/../../../../arm-none-eabi/lib/thumb/v7e-m+fp/hard\libc_nano.a(libc_a-nano-svfprintf.o)
                0x08006f5c                _svfiprintf_r
                0x08006f5c                _svfprintf_r
 .text.__sfputc_r
                0x08007154       0x2e C:/ST/STM32CubeIDE_1.19.0_UBA/STM32CubeIDE/plugins/com.st.stm32cube.ide.mcu.externaltools.gnu-tools-for-stm32.13.3.rel1.win32_1.0.0.202411081344/tools/bin/../lib/gcc/arm-none-eabi/13.3.1/../../../../arm-none-eabi/lib/thumb/v7e-m+fp/hard\libc_nano.a(libc_a-nano-vfprintf.o)
 .text.__sfputs_r
                0x08007182       0x24 C:/ST/STM32CubeIDE_1.19.0_UBA/STM32CubeIDE/plugins/com.st.stm32cube.ide.mcu.externaltools.gnu-tools-for-stm32.13.3.rel1.win32_1.0.0.202411081344/tools/bin/../lib/gcc/arm-none-eabi/13.3.1/../../../../arm-none-eabi/lib/thumb/v7e-m+fp/hard\libc_nano.a(libc_a-nano-vfprintf.o)
                0x08007182                __sfputs_r
 *fill*         0x080071a6        0x2 
 .text._vfprintf_r
                0x080071a8      0x230 C:/ST/STM32CubeIDE_1.19.0_UBA/STM32CubeIDE/plugins/com.st.stm32cube.ide.mcu.externaltools.gnu-tools-for-stm32.13.3.rel1.win32_1.0.0.202411081344/tools/bin/../lib/gcc/arm-none-eabi/13.3.1/../../../../arm-none-eabi/lib/thumb/v7e-m+fp/hard\libc_nano.a(libc_a-nano-vfprintf.o)
                0x080071a8                _vfprintf_r
                0x080071a8                _vfiprintf_r
 .text._printf_common
                0x080073d8       0xda C:/ST/STM32CubeIDE_1.19.0_UBA/STM32CubeIDE/plugins/com.st.stm32cube.ide.mcu.externaltools.gnu-tools-for-stm32.13.3.rel1.win32_1.0.0.202411081344/tools/bin/../lib/gcc/arm-none-eabi/13.3.1/../../../../arm-none-eabi/lib/thumb/v7e-m+fp/hard\libc_nano.a(libc_a-nano-vfprintf_i.o)
                0x080073d8                _printf_common
 *fill*         0x080074b2        0x2 
 .text._printf_i
                0x080074b4      0x23c C:/ST/STM32CubeIDE_1.19.0_UBA/STM32CubeIDE/plugins/com.st.stm32cube.ide.mcu.externaltools.gnu-tools-for-stm32.13.3.rel1.win32_1.0.0.202411081344/tools/bin/../lib/gcc/arm-none-eabi/13.3.1/../../../../arm-none-eabi/lib/thumb/v7e-m+fp/hard\libc_nano.a(libc_a-nano-vfprintf_i.o)
                0x080074b4                _printf_i
 .text.__swbuf_r
                0x080076f0       0x7c C:/ST/STM32CubeIDE_1.19.0_UBA/STM32CubeIDE/plugins/com.st.stm32cube.ide.mcu.externaltools.gnu-tools-for-stm32.13.3.rel1.win32_1.0.0.202411081344/tools/bin/../lib/gcc/arm-none-eabi/13.3.1/../../../../arm-none-eabi/lib/thumb/v7e-m+fp/hard\libc_nano.a(libc_a-wbuf.o)
                0x080076f0                __swbuf_r
 .text.__swsetup_r
                0x0800776c       0xac C:/ST/STM32CubeIDE_1.19.0_UBA/STM32CubeIDE/plugins/com.st.stm32cube.ide.mcu.externaltools.gnu-tools-for-stm32.13.3.rel1.win32_1.0.0.202411081344/tools/bin/../lib/gcc/arm-none-eabi/13.3.1/../../../../arm-none-eabi/lib/thumb/v7e-m+fp/hard\libc_nano.a(libc_a-wsetup.o)
                0x0800776c                __swsetup_r
 .text.memmove  0x08007818       0x34 C:/ST/STM32CubeIDE_1.19.0_UBA/STM32CubeIDE/plugins/com.st.stm32cube.ide.mcu.externaltools.gnu-tools-for-stm32.13.3.rel1.win32_1.0.0.202411081344/tools/bin/../lib/gcc/arm-none-eabi/13.3.1/../../../../arm-none-eabi/lib/thumb/v7e-m+fp/hard\libc_nano.a(libc_a-memmove.o)
                0x08007818                memmove
 .text._sbrk_r  0x0800784c       0x20 C:/ST/STM32CubeIDE_1.19.0_UBA/STM32CubeIDE/plugins/com.st.stm32cube.ide.mcu.externaltools.gnu-tools-for-stm32.13.3.rel1.win32_1.0.0.202411081344/tools/bin/../lib/gcc/arm-none-eabi/13.3.1/../../../../arm-none-eabi/lib/thumb/v7e-m+fp/hard\libc_nano.a(libc_a-sbrkr.o)
                0x0800784c                _sbrk_r
 .text._realloc_r
                0x0800786c       0x5c C:/ST/STM32CubeIDE_1.19.0_UBA/STM32CubeIDE/plugins/com.st.stm32cube.ide.mcu.externaltools.gnu-tools-for-stm32.13.3.rel1.win32_1.0.0.202411081344/tools/bin/../lib/gcc/arm-none-eabi/13.3.1/../../../../arm-none-eabi/lib/thumb/v7e-m+fp/hard\libc_nano.a(libc_a-reallocr.o)
                0x0800786c                _realloc_r
 .text.__swhatbuf_r
                0x080078c8       0x4c C:/ST/STM32CubeIDE_1.19.0_UBA/STM32CubeIDE/plugins/com.st.stm32cube.ide.mcu.externaltools.gnu-tools-for-stm32.13.3.rel1.win32_1.0.0.202411081344/tools/bin/../lib/gcc/arm-none-eabi/13.3.1/../../../../arm-none-eabi/lib/thumb/v7e-m+fp/hard\libc_nano.a(libc_a-makebuf.o)
                0x080078c8                __swhatbuf_r
 .text.__smakebuf_r
                0x08007914       0x78 C:/ST/STM32CubeIDE_1.19.0_UBA/STM32CubeIDE/plugins/com.st.stm32cube.ide.mcu.externaltools.gnu-tools-for-stm32.13.3.rel1.win32_1.0.0.202411081344/tools/bin/../lib/gcc/arm-none-eabi/13.3.1/../../../../arm-none-eabi/lib/thumb/v7e-m+fp/hard\libc_nano.a(libc_a-makebuf.o)
                0x08007914                __smakebuf_r
 .text._fstat_r
                0x0800798c       0x24 C:/ST/STM32CubeIDE_1.19.0_UBA/STM32CubeIDE/plugins/com.st.stm32cube.ide.mcu.externaltools.gnu-tools-for-stm32.13.3.rel1.win32_1.0.0.202411081344/tools/bin/../lib/gcc/arm-none-eabi/13.3.1/../../../../arm-none-eabi/lib/thumb/v7e-m+fp/hard\libc_nano.a(libc_a-fstatr.o)
                0x0800798c                _fstat_r
 .text._isatty_r
                0x080079b0       0x20 C:/ST/STM32CubeIDE_1.19.0_UBA/STM32CubeIDE/plugins/com.st.stm32cube.ide.mcu.externaltools.gnu-tools-for-stm32.13.3.rel1.win32_1.0.0.202411081344/tools/bin/../lib/gcc/arm-none-eabi/13.3.1/../../../../arm-none-eabi/lib/thumb/v7e-m+fp/hard\libc_nano.a(libc_a-isattyr.o)
                0x080079b0                _isatty_r
 .text._malloc_usable_size_r
                0x080079d0       0x10 C:/ST/STM32CubeIDE_1.19.0_UBA/STM32CubeIDE/plugins/com.st.stm32cube.ide.mcu.externaltools.gnu-tools-for-stm32.13.3.rel1.win32_1.0.0.202411081344/tools/bin/../lib/gcc/arm-none-eabi/13.3.1/../../../../arm-none-eabi/lib/thumb/v7e-m+fp/hard\libc_nano.a(libc_a-msizer.o)
                0x080079d0                _malloc_usable_size_r
 *(.glue_7)
 .glue_7        0x080079e0        0x0 linker stubs
 *(.glue_7t)
 .glue_7t       0x080079e0        0x0 linker stubs
 *(.eh_frame)
 .eh_frame      0x080079e0        0x0 C:/ST/STM32CubeIDE_1.19.0_UBA/STM32CubeIDE/plugins/com.st.stm32cube.ide.mcu.externaltools.gnu-tools-for-stm32.13.3.rel1.win32_1.0.0.202411081344/tools/bin/../lib/gcc/arm-none-eabi/13.3.1/thumb/v7e-m+fp/hard/crtbegin.o
 *(.init)
 .init          0x080079e0        0x4 C:/ST/STM32CubeIDE_1.19.0_UBA/STM32CubeIDE/plugins/com.st.stm32cube.ide.mcu.externaltools.gnu-tools-for-stm32.13.3.rel1.win32_1.0.0.202411081344/tools/bin/../lib/gcc/arm-none-eabi/13.3.1/thumb/v7e-m+fp/hard/crti.o
                0x080079e0                _init
 .init          0x080079e4        0x8 C:/ST/STM32CubeIDE_1.19.0_UBA/STM32CubeIDE/plugins/com.st.stm32cube.ide.mcu.externaltools.gnu-tools-for-stm32.13.3.rel1.win32_1.0.0.202411081344/tools/bin/../lib/gcc/arm-none-eabi/13.3.1/thumb/v7e-m+fp/hard/crtn.o
 *(.fini)
 .fini          0x080079ec        0x4 C:/ST/STM32CubeIDE_1.19.0_UBA/STM32CubeIDE/plugins/com.st.stm32cube.ide.mcu.externaltools.gnu-tools-for-stm32.13.3.rel1.win32_1.0.0.202411081344/tools/bin/../lib/gcc/arm-none-eabi/13.3.1/thumb/v7e-m+fp/hard/crti.o
                0x080079ec                _fini
 .fini          0x080079f0        0x8 C:/ST/STM32CubeIDE_1.19.0_UBA/STM32CubeIDE/plugins/com.st.stm32cube.ide.mcu.externaltools.gnu-tools-for-stm32.13.3.rel1.win32_1.0.0.202411081344/tools/bin/../lib/gcc/arm-none-eabi/13.3.1/thumb/v7e-m+fp/hard/crtn.o
                0x080079f8                        . = ALIGN (0x4)
                0x080079f8                        _etext = .

.vfp11_veneer   0x080079f8        0x0
 .vfp11_veneer  0x080079f8        0x0 linker stubs

.v4_bx          0x080079f8        0x0
 .v4_bx         0x080079f8        0x0 linker stubs

.iplt           0x080079f8        0x0
 .iplt          0x080079f8        0x0 C:/ST/STM32CubeIDE_1.19.0_UBA/STM32CubeIDE/plugins/com.st.stm32cube.ide.mcu.externaltools.gnu-tools-for-stm32.13.3.rel1.win32_1.0.0.202411081344/tools/bin/../lib/gcc/arm-none-eabi/13.3.1/thumb/v7e-m+fp/hard/crtbegin.o

.rodata         0x080079f8      0x740
                0x080079f8                        . = ALIGN (0x4)
 *(.rodata)
 .rodata        0x080079f8       0x30 ./Middlewares/Third_Party/FreeRTOS/Source/tasks.o
 .rodata        0x08007a28      0x19a ./app/src/app.o
 *fill*         0x08007bc2        0x2 
 .rodata        0x08007bc4       0xfb ./app/src/task_entry_a.o
 *fill*         0x08007cbf        0x1 
 .rodata        0x08007cc0       0xd9 ./app/src/task_entry_b.o
 *fill*         0x08007d99        0x3 
 .rodata        0x08007d9c       0xf5 ./app/src/task_exit_a.o
 *fill*         0x08007e91        0x3 
 .rodata        0x08007e94       0xde ./app/src/task_exit_b.o
 *fill*         0x08007f72        0x2 
 .rodata        0x08007f74      0x14a ./app/src/task_test.o
 *(.rodata*)
 *fill*         0x080080be        0x2 
 .rodata.AHBPrescTable
                0x080080c0       0x10 ./Core/Src/system_stm32f4xx.o
                0x080080c0                AHBPrescTable
 .rodata.APBPrescTable
                0x080080d0        0x8 ./Core/Src/system_stm32f4xx.o
                0x080080d0                APBPrescTable
 .rodata.logger_msg
                0x080080d8        0x4 ./app/src/logger.o
                0x080080d8                logger_msg
 .rodata.e_task_test_array
                0x080080dc        0xc ./app/src/task_test.o
                0x080080dc                e_task_test_array
 .rodata._get_semihosting_exts.str1.1
                0x080080e8       0x4d C:/ST/STM32CubeIDE_1.19.0_UBA/STM32CubeIDE/plugins/com.st.stm32cube.ide.mcu.externaltools.gnu-tools-for-stm32.13.3.rel1.win32_1.0.0.202411081344/tools/bin/../lib/gcc/arm-none-eabi/13.3.1/../../../../arm-none-eabi/lib/thumb/v7e-m+fp/hard\librdimon_nano.a(arm_librdimon_a-syscalls.o)
                                 0x16 (size before relaxing)
 .rodata.initialise_monitor_handles.str1.1
                0x08008135        0x4 C:/ST/STM32CubeIDE_1.19.0_UBA/STM32CubeIDE/plugins/com.st.stm32cube.ide.mcu.externaltools.gnu-tools-for-stm32.13.3.rel1.win32_1.0.0.202411081344/tools/bin/../lib/gcc/arm-none-eabi/13.3.1/../../../../arm-none-eabi/lib/thumb/v7e-m+fp/hard\librdimon_nano.a(arm_librdimon_a-syscalls.o)
 .rodata._svfprintf_r.str1.1
                0x08008135       0x11 C:/ST/STM32CubeIDE_1.19.0_UBA/STM32CubeIDE/plugins/com.st.stm32cube.ide.mcu.externaltools.gnu-tools-for-stm32.13.3.rel1.win32_1.0.0.202411081344/tools/bin/../lib/gcc/arm-none-eabi/13.3.1/../../../../arm-none-eabi/lib/thumb/v7e-m+fp/hard\libc_nano.a(libc_a-nano-svfprintf.o)
 .rodata._vfprintf_r.str1.1
                0x08008135       0x11 C:/ST/STM32CubeIDE_1.19.0_UBA/STM32CubeIDE/plugins/com.st.stm32cube.ide.mcu.externaltools.gnu-tools-for-stm32.13.3.rel1.win32_1.0.0.202411081344/tools/bin/../lib/gcc/arm-none-eabi/13.3.1/../../../../arm-none-eabi/lib/thumb/v7e-m+fp/hard\libc_nano.a(libc_a-nano-vfprintf.o)
 .rodata._printf_i.str1.1
                0x08008135       0x22 C:/ST/STM32CubeIDE_1.19.0_UBA/STM32CubeIDE/plugins/com.st.stm32cube.ide.mcu.externaltools.gnu-tools-for-stm32.13.3.rel1.win32_1.0.0.202411081344/tools/bin/../lib/gcc/arm-none-eabi/13.3.1/../../../../arm-none-eabi/lib/thumb/v7e-m+fp/hard\libc_nano.a(libc_a-nano-vfprintf_i.o)
                0x08008158                        . = ALIGN (0x4)
 *fill*         0x08008135        0x3 

.ARM.extab      0x08008138        0x0
                0x08008138                        . = ALIGN (0x4)
 *(.ARM.extab* .gnu.linkonce.armextab.*)
                0x08008138                        . = ALIGN (0x4)

.ARM            0x08008138        0x8
                0x08008138                        . = ALIGN (0x4)
                0x08008138                        __exidx_start = .
 *(.ARM.exidx*)
 .ARM.exidx     0x08008138        0x8 C:/ST/STM32CubeIDE_1.19.0_UBA/STM32CubeIDE/plugins/com.st.stm32cube.ide.mcu.externaltools.gnu-tools-for-stm32.13.3.rel1.win32_1.0.0.202411081344/tools/bin/../lib/gcc/arm-none-eabi/13.3.1/../../../../arm-none-eabi/lib/thumb/v7e-m+fp/hard\libc_nano.a(libc_a-strlen.o)
 .ARM.exidx     0x08008140        0x0 C:/ST/STM32CubeIDE_1.19.0_UBA/STM32CubeIDE/plugins/com.st.stm32cube.ide.mcu.externaltools.gnu-tools-for-stm32.13.3.rel1.win32_1.0.0.202411081344/tools/bin/../lib/gcc/arm-none-eabi/13.3.1/../../../../arm-none-eabi/lib/thumb/v7e-m+fp/hard\libc_nano.a(libc_a-memchr.o)
                                  0x8 (size before relaxing)
 .ARM.exidx     0x08008140        0x0 C:/ST/STM32CubeIDE_1.19.0_UBA/STM32CubeIDE/plugins/com.st.stm32cube.ide.mcu.externaltools.gnu-tools-for-stm32.13.3.rel1.win32_1.0.0.202411081344/tools/bin/../lib/gcc/arm-none-eabi/13.3.1/thumb/v7e-m+fp/hard\libgcc.a(_udivmoddi4.o)
                                  0x8 (size before relaxing)
                0x08008140                        __exidx_end = .
                0x08008140                        . = ALIGN (0x4)

.preinit_array  0x08008140        0x0
                0x08008140                        . = ALIGN (0x4)
                0x08008140                        PROVIDE (__preinit_array_start = .)
 *(.preinit_array*)
                0x08008140                        PROVIDE (__preinit_array_end = .)
                0x08008140                        . = ALIGN (0x4)

.init_array     0x08008140        0x4
                0x08008140                        . = ALIGN (0x4)
                0x08008140                        PROVIDE (__init_array_start = .)
 *(SORT_BY_NAME(.init_array.*))
 *(.init_array*)
 .init_array    0x08008140        0x4 C:/ST/STM32CubeIDE_1.19.0_UBA/STM32CubeIDE/plugins/com.st.stm32cube.ide.mcu.externaltools.gnu-tools-for-stm32.13.3.rel1.win32_1.0.0.202411081344/tools/bin/../lib/gcc/arm-none-eabi/13.3.1/thumb/v7e-m+fp/hard/crtbegin.o
                0x08008144                        PROVIDE (__init_array_end = .)
                0x08008144                        . = ALIGN (0x4)

.fini_array     0x08008144        0x4
                0x08008144                        . = ALIGN (0x4)
                [!provide]                        PROVIDE (__fini_array_start = .)
 *(SORT_BY_NAME(.fini_array.*))
 *(.fini_array*)
 .fini_array    0x08008144        0x4 C:/ST/STM32CubeIDE_1.19.0_UBA/STM32CubeIDE/plugins/com.st.stm32cube.ide.mcu.externaltools.gnu-tools-for-stm32.13.3.rel1.win32_1.0.0.202411081344/tools/bin/../lib/gcc/arm-none-eabi/13.3.1/thumb/v7e-m+fp/hard/crtbegin.o
                [!provide]                        PROVIDE (__fini_array_end = .)
                0x08008148                        . = ALIGN (0x4)
                0x08008148                        _sidata = LOADADDR (.data)

.rel.dyn        0x08008148        0x0
 .rel.iplt      0x08008148        0x0 C:/ST/STM32CubeIDE_1.19.0_UBA/STM32CubeIDE/plugins/com.st.stm32cube.ide.mcu.externaltools.gnu-tools-for-stm32.13.3.rel1.win32_1.0.0.202411081344/tools/bin/../lib/gcc/arm-none-eabi/13.3.1/thumb/v7e-m+fp/hard/crtbegin.o

.data           0x20000000       0x94 load address 0x08008148
                0x20000000                        . = ALIGN (0x4)
                0x20000000                        _sdata = .
 *(.data)
 *(.data*)
 .data.SystemCoreClock
                0x20000000        0x4 ./Core/Src/system_stm32f4xx.o
                0x20000000                SystemCoreClock
 .data.uwTickPrio
                0x20000004        0x4 ./Drivers/STM32F4xx_HAL_Driver/Src/stm32f4xx_hal.o
                0x20000004                uwTickPrio
 .data.uwTickFreq
                0x20000008        0x1 ./Drivers/STM32F4xx_HAL_Driver/Src/stm32f4xx_hal.o
                0x20000008                uwTickFreq
 *fill*         0x20000009        0x3 
 .data.uxCriticalNesting
                0x2000000c        0x4 ./Middlewares/Third_Party/FreeRTOS/Source/portable/GCC/ARM_CM4F/port.o
 .data.p_app    0x20000010        0x4 ./app/src/app.o
                0x20000010                p_app
 .data.p_app_   0x20000014        0x4 ./app/src/app.o
                0x20000014                p_app_
 .data.p_app__  0x20000018        0x4 ./app/src/app.o
                0x20000018                p_app__
 .data.semaforo_a
                0x2000001c        0x1 ./app/src/app.o
                0x2000001c                semaforo_a
 .data.semaforo_b
                0x2000001d        0x1 ./app/src/app.o
                0x2000001d                semaforo_b
 *fill*         0x2000001e        0x2 
 .data.p_task_test_priority
                0x20000020        0x4 ./app/src/task_test.o
                0x20000020                p_task_test_priority
 .data.p_task_test_e_task_test_array
                0x20000024        0x4 ./app/src/task_test.o
                0x20000024                p_task_test_e_task_test_array
 .data.p_task_test_signal_error
                0x20000028        0x4 ./app/src/task_test.o
                0x20000028                p_task_test_signal_error
 .data.p_task_test_wait_5000mS
                0x2000002c        0x4 ./app/src/task_test.o
                0x2000002c                p_task_test_wait_5000mS
 .data.supports_ext_stdout_stderr
                0x20000030        0x4 C:/ST/STM32CubeIDE_1.19.0_UBA/STM32CubeIDE/plugins/com.st.stm32cube.ide.mcu.externaltools.gnu-tools-for-stm32.13.3.rel1.win32_1.0.0.202411081344/tools/bin/../lib/gcc/arm-none-eabi/13.3.1/../../../../arm-none-eabi/lib/thumb/v7e-m+fp/hard\librdimon_nano.a(arm_librdimon_a-syscalls.o)
 .data.supports_ext_exit_extended
                0x20000034        0x4 C:/ST/STM32CubeIDE_1.19.0_UBA/STM32CubeIDE/plugins/com.st.stm32cube.ide.mcu.externaltools.gnu-tools-for-stm32.13.3.rel1.win32_1.0.0.202411081344/tools/bin/../lib/gcc/arm-none-eabi/13.3.1/../../../../arm-none-eabi/lib/thumb/v7e-m+fp/hard\librdimon_nano.a(arm_librdimon_a-syscalls.o)
 .data.__sglue  0x20000038        0xc C:/ST/STM32CubeIDE_1.19.0_UBA/STM32CubeIDE/plugins/com.st.stm32cube.ide.mcu.externaltools.gnu-tools-for-stm32.13.3.rel1.win32_1.0.0.202411081344/tools/bin/../lib/gcc/arm-none-eabi/13.3.1/../../../../arm-none-eabi/lib/thumb/v7e-m+fp/hard\libc_nano.a(libc_a-findfp.o)
                0x20000038                __sglue
 .data._impure_ptr
                0x20000044        0x4 C:/ST/STM32CubeIDE_1.19.0_UBA/STM32CubeIDE/plugins/com.st.stm32cube.ide.mcu.externaltools.gnu-tools-for-stm32.13.3.rel1.win32_1.0.0.202411081344/tools/bin/../lib/gcc/arm-none-eabi/13.3.1/../../../../arm-none-eabi/lib/thumb/v7e-m+fp/hard\libc_nano.a(libc_a-impure.o)
                0x20000044                _impure_ptr
 .data._impure_data
                0x20000048       0x4c C:/ST/STM32CubeIDE_1.19.0_UBA/STM32CubeIDE/plugins/com.st.stm32cube.ide.mcu.externaltools.gnu-tools-for-stm32.13.3.rel1.win32_1.0.0.202411081344/tools/bin/../lib/gcc/arm-none-eabi/13.3.1/../../../../arm-none-eabi/lib/thumb/v7e-m+fp/hard\libc_nano.a(libc_a-impure.o)
                0x20000048                _impure_data
 *(.RamFunc)
 *(.RamFunc*)
                0x20000094                        . = ALIGN (0x4)
                0x20000094                        _edata = .

.igot.plt       0x20000094        0x0 load address 0x080081dc
 .igot.plt      0x20000094        0x0 C:/ST/STM32CubeIDE_1.19.0_UBA/STM32CubeIDE/plugins/com.st.stm32cube.ide.mcu.externaltools.gnu-tools-for-stm32.13.3.rel1.win32_1.0.0.202411081344/tools/bin/../lib/gcc/arm-none-eabi/13.3.1/thumb/v7e-m+fp/hard/crtbegin.o
                0x20000094                        . = ALIGN (0x4)

.bss            0x20000094     0x4398 load address 0x080081dc
                0x20000094                        _sbss = .
                0x20000094                        __bss_start__ = _sbss
 *(.bss)
 .bss           0x20000094       0x1c C:/ST/STM32CubeIDE_1.19.0_UBA/STM32CubeIDE/plugins/com.st.stm32cube.ide.mcu.externaltools.gnu-tools-for-stm32.13.3.rel1.win32_1.0.0.202411081344/tools/bin/../lib/gcc/arm-none-eabi/13.3.1/thumb/v7e-m+fp/hard/crtbegin.o
 *(.bss*)
 .bss.xIdleTaskTCBBuffer
                0x200000b0       0x64 ./Core/Src/freertos.o
 .bss.xIdleStack
                0x20000114      0x200 ./Core/Src/freertos.o
 .bss.htim2     0x20000314       0x48 ./Core/Src/main.o
                0x20000314                htim2
 .bss.huart2    0x2000035c       0x48 ./Core/Src/main.o
                0x2000035c                huart2
 .bss.ulHighFrequencyTimerTicks
                0x200003a4        0x4 ./Core/Src/main.o
                0x200003a4                ulHighFrequencyTimerTicks
 .bss.htim1     0x200003a8       0x48 ./Core/Src/stm32f4xx_hal_timebase_tim.o
                0x200003a8                htim1
 .bss.__sbrk_heap_end
                0x200003f0        0x4 ./Core/Src/sysmem.o
 .bss.uwTick    0x200003f4        0x4 ./Drivers/STM32F4xx_HAL_Driver/Src/stm32f4xx_hal.o
                0x200003f4                uwTick
 .bss.xQueueRegistry
                0x200003f8       0x40 ./Middlewares/Third_Party/FreeRTOS/Source/queue.o
                0x200003f8                xQueueRegistry
 .bss.pxCurrentTCB
                0x20000438        0x4 ./Middlewares/Third_Party/FreeRTOS/Source/tasks.o
                0x20000438                pxCurrentTCB
 .bss.pxReadyTasksLists
                0x2000043c       0x8c ./Middlewares/Third_Party/FreeRTOS/Source/tasks.o
 .bss.xDelayedTaskList1
                0x200004c8       0x14 ./Middlewares/Third_Party/FreeRTOS/Source/tasks.o
 .bss.xDelayedTaskList2
                0x200004dc       0x14 ./Middlewares/Third_Party/FreeRTOS/Source/tasks.o
 .bss.pxDelayedTaskList
                0x200004f0        0x4 ./Middlewares/Third_Party/FreeRTOS/Source/tasks.o
 .bss.pxOverflowDelayedTaskList
                0x200004f4        0x4 ./Middlewares/Third_Party/FreeRTOS/Source/tasks.o
 .bss.xPendingReadyList
                0x200004f8       0x14 ./Middlewares/Third_Party/FreeRTOS/Source/tasks.o
 .bss.xTasksWaitingTermination
                0x2000050c       0x14 ./Middlewares/Third_Party/FreeRTOS/Source/tasks.o
 .bss.uxDeletedTasksWaitingCleanUp
                0x20000520        0x4 ./Middlewares/Third_Party/FreeRTOS/Source/tasks.o
 .bss.xSuspendedTaskList
                0x20000524       0x14 ./Middlewares/Third_Party/FreeRTOS/Source/tasks.o
 .bss.uxCurrentNumberOfTasks
                0x20000538        0x4 ./Middlewares/Third_Party/FreeRTOS/Source/tasks.o
 .bss.xTickCount
                0x2000053c        0x4 ./Middlewares/Third_Party/FreeRTOS/Source/tasks.o
 .bss.uxTopReadyPriority
                0x20000540        0x4 ./Middlewares/Third_Party/FreeRTOS/Source/tasks.o
 .bss.xSchedulerRunning
                0x20000544        0x4 ./Middlewares/Third_Party/FreeRTOS/Source/tasks.o
 .bss.xPendedTicks
                0x20000548        0x4 ./Middlewares/Third_Party/FreeRTOS/Source/tasks.o
 .bss.xYieldPending
                0x2000054c        0x4 ./Middlewares/Third_Party/FreeRTOS/Source/tasks.o
 .bss.xNumOfOverflows
                0x20000550        0x4 ./Middlewares/Third_Party/FreeRTOS/Source/tasks.o
 .bss.uxTaskNumber
                0x20000554        0x4 ./Middlewares/Third_Party/FreeRTOS/Source/tasks.o
 .bss.xNextTaskUnblockTime
                0x20000558        0x4 ./Middlewares/Third_Party/FreeRTOS/Source/tasks.o
 .bss.xIdleTaskHandle
                0x2000055c        0x4 ./Middlewares/Third_Party/FreeRTOS/Source/tasks.o
 .bss.uxSchedulerSuspended
                0x20000560        0x4 ./Middlewares/Third_Party/FreeRTOS/Source/tasks.o
 .bss.ulTaskSwitchedInTime
                0x20000564        0x4 ./Middlewares/Third_Party/FreeRTOS/Source/tasks.o
 .bss.ulTotalRunTime
                0x20000568        0x4 ./Middlewares/Third_Party/FreeRTOS/Source/tasks.o
 .bss.ucMaxSysCallPriority
                0x2000056c        0x1 ./Middlewares/Third_Party/FreeRTOS/Source/portable/GCC/ARM_CM4F/port.o
 *fill*         0x2000056d        0x3 
 .bss.ulMaxPRIGROUPValue
                0x20000570        0x4 ./Middlewares/Third_Party/FreeRTOS/Source/portable/GCC/ARM_CM4F/port.o
 .bss.ucHeap    0x20000574     0x3c00 ./Middlewares/Third_Party/FreeRTOS/Source/portable/MemMang/heap_4.o
 .bss.xStart    0x20004174        0x8 ./Middlewares/Third_Party/FreeRTOS/Source/portable/MemMang/heap_4.o
 .bss.pxEnd     0x2000417c        0x4 ./Middlewares/Third_Party/FreeRTOS/Source/portable/MemMang/heap_4.o
 .bss.xFreeBytesRemaining
                0x20004180        0x4 ./Middlewares/Third_Party/FreeRTOS/Source/portable/MemMang/heap_4.o
 .bss.xMinimumEverFreeBytesRemaining
                0x20004184        0x4 ./Middlewares/Third_Party/FreeRTOS/Source/portable/MemMang/heap_4.o
 .bss.xNumberOfSuccessfulAllocations
                0x20004188        0x4 ./Middlewares/Third_Party/FreeRTOS/Source/portable/MemMang/heap_4.o
 .bss.xNumberOfSuccessfulFrees
                0x2000418c        0x4 ./Middlewares/Third_Party/FreeRTOS/Source/portable/MemMang/heap_4.o
 .bss.xBlockAllocatedBit
                0x20004190        0x4 ./Middlewares/Third_Party/FreeRTOS/Source/portable/MemMang/heap_4.o
 .bss.g_app_cnt
                0x20004194        0x4 ./app/src/app.o
                0x20004194                g_app_cnt
 .bss.g_app_task_cnt
                0x20004198        0x4 ./app/src/app.o
                0x20004198                g_app_task_cnt
 .bss.g_app_tick_cnt
                0x2000419c        0x4 ./app/src/app.o
                0x2000419c                g_app_tick_cnt
 .bss.g_task_idle_cnt
                0x200041a0        0x4 ./app/src/app.o
                0x200041a0                g_task_idle_cnt
 .bss.g_app_stack_overflow_cnt
                0x200041a4        0x4 ./app/src/app.o
                0x200041a4                g_app_stack_overflow_cnt
 .bss.g_tasks_cnt
                0x200041a8        0x4 ./app/src/app.o
                0x200041a8                g_tasks_cnt
 .bss.h_entry_a_bin_sem
                0x200041ac        0x4 ./app/src/app.o
                0x200041ac                h_entry_a_bin_sem
 .bss.h_exit_a_bin_sem
                0x200041b0        0x4 ./app/src/app.o
                0x200041b0                h_exit_a_bin_sem
 .bss.h_entry_b_bin_sem
                0x200041b4        0x4 ./app/src/app.o
                0x200041b4                h_entry_b_bin_sem
 .bss.h_exit_b_bin_sem
                0x200041b8        0x4 ./app/src/app.o
                0x200041b8                h_exit_b_bin_sem
 .bss.h_mutex_mut_sem
                0x200041bc        0x4 ./app/src/app.o
                0x200041bc                h_mutex_mut_sem
 .bss.h_go_a_bin_sem
                0x200041c0        0x4 ./app/src/app.o
                0x200041c0                h_go_a_bin_sem
 .bss.h_go_b_bin_sem
                0x200041c4        0x4 ./app/src/app.o
                0x200041c4                h_go_b_bin_sem
 .bss.h_task_entry_a
                0x200041c8        0x4 ./app/src/app.o
                0x200041c8                h_task_entry_a
 .bss.h_task_exit_a
                0x200041cc        0x4 ./app/src/app.o
                0x200041cc                h_task_exit_a
 .bss.h_task_entry_b
                0x200041d0        0x4 ./app/src/app.o
                0x200041d0                h_task_entry_b
 .bss.h_task_exit_b
                0x200041d4        0x4 ./app/src/app.o
                0x200041d4                h_task_exit_b
 .bss.h_task_test
                0x200041d8        0x4 ./app/src/app.o
                0x200041d8                h_task_test
 .bss.logger_msg_buffer_
                0x200041dc       0x40 ./app/src/logger.o
 .bss.logger_msg_len
                0x2000421c        0x4 ./app/src/logger.o
                0x2000421c                logger_msg_len
 .bss.g_task_entry_a_cnt
                0x20004220        0x4 ./app/src/task_entry_a.o
                0x20004220                g_task_entry_a_cnt
 .bss.g_task_entry_b_cnt
                0x20004224        0x4 ./app/src/task_entry_b.o
                0x20004224                g_task_entry_b_cnt
 .bss.g_task_exit_a_cnt
                0x20004228        0x4 ./app/src/task_exit_a.o
                0x20004228                g_task_exit_a_cnt
 .bss.g_task_exit_b_cnt
                0x2000422c        0x4 ./app/src/task_exit_b.o
                0x2000422c                g_task_exit_b_cnt
 .bss.g_task_test_cnt
                0x20004230        0x4 ./app/src/task_test.o
                0x20004230                g_task_test_cnt
 .bss.monitor_stderr
                0x20004234        0x4 C:/ST/STM32CubeIDE_1.19.0_UBA/STM32CubeIDE/plugins/com.st.stm32cube.ide.mcu.externaltools.gnu-tools-for-stm32.13.3.rel1.win32_1.0.0.202411081344/tools/bin/../lib/gcc/arm-none-eabi/13.3.1/../../../../arm-none-eabi/lib/thumb/v7e-m+fp/hard\librdimon_nano.a(arm_librdimon_a-syscalls.o)
 .bss.monitor_stdout
                0x20004238        0x4 C:/ST/STM32CubeIDE_1.19.0_UBA/STM32CubeIDE/plugins/com.st.stm32cube.ide.mcu.externaltools.gnu-tools-for-stm32.13.3.rel1.win32_1.0.0.202411081344/tools/bin/../lib/gcc/arm-none-eabi/13.3.1/../../../../arm-none-eabi/lib/thumb/v7e-m+fp/hard\librdimon_nano.a(arm_librdimon_a-syscalls.o)
 .bss.monitor_stdin
                0x2000423c        0x4 C:/ST/STM32CubeIDE_1.19.0_UBA/STM32CubeIDE/plugins/com.st.stm32cube.ide.mcu.externaltools.gnu-tools-for-stm32.13.3.rel1.win32_1.0.0.202411081344/tools/bin/../lib/gcc/arm-none-eabi/13.3.1/../../../../arm-none-eabi/lib/thumb/v7e-m+fp/hard\librdimon_nano.a(arm_librdimon_a-syscalls.o)
 .bss.openfiles
                0x20004240       0xa0 C:/ST/STM32CubeIDE_1.19.0_UBA/STM32CubeIDE/plugins/com.st.stm32cube.ide.mcu.externaltools.gnu-tools-for-stm32.13.3.rel1.win32_1.0.0.202411081344/tools/bin/../lib/gcc/arm-none-eabi/13.3.1/../../../../arm-none-eabi/lib/thumb/v7e-m+fp/hard\librdimon_nano.a(arm_librdimon_a-syscalls.o)
 .bss.__sf      0x200042e0      0x138 C:/ST/STM32CubeIDE_1.19.0_UBA/STM32CubeIDE/plugins/com.st.stm32cube.ide.mcu.externaltools.gnu-tools-for-stm32.13.3.rel1.win32_1.0.0.202411081344/tools/bin/../lib/gcc/arm-none-eabi/13.3.1/../../../../arm-none-eabi/lib/thumb/v7e-m+fp/hard\libc_nano.a(libc_a-findfp.o)
                0x200042e0                __sf
 .bss.__stdio_exit_handler
                0x20004418        0x4 C:/ST/STM32CubeIDE_1.19.0_UBA/STM32CubeIDE/plugins/com.st.stm32cube.ide.mcu.externaltools.gnu-tools-for-stm32.13.3.rel1.win32_1.0.0.202411081344/tools/bin/../lib/gcc/arm-none-eabi/13.3.1/../../../../arm-none-eabi/lib/thumb/v7e-m+fp/hard\libc_nano.a(libc_a-findfp.o)
                0x20004418                __stdio_exit_handler
 .bss.errno     0x2000441c        0x4 C:/ST/STM32CubeIDE_1.19.0_UBA/STM32CubeIDE/plugins/com.st.stm32cube.ide.mcu.externaltools.gnu-tools-for-stm32.13.3.rel1.win32_1.0.0.202411081344/tools/bin/../lib/gcc/arm-none-eabi/13.3.1/../../../../arm-none-eabi/lib/thumb/v7e-m+fp/hard\libc_nano.a(libc_a-reent.o)
                0x2000441c                errno
 .bss.__lock___malloc_recursive_mutex
                0x20004420        0x1 C:/ST/STM32CubeIDE_1.19.0_UBA/STM32CubeIDE/plugins/com.st.stm32cube.ide.mcu.externaltools.gnu-tools-for-stm32.13.3.rel1.win32_1.0.0.202411081344/tools/bin/../lib/gcc/arm-none-eabi/13.3.1/../../../../arm-none-eabi/lib/thumb/v7e-m+fp/hard\libc_nano.a(libc_a-lock.o)
                0x20004420                __lock___malloc_recursive_mutex
 .bss.__lock___sfp_recursive_mutex
                0x20004421        0x1 C:/ST/STM32CubeIDE_1.19.0_UBA/STM32CubeIDE/plugins/com.st.stm32cube.ide.mcu.externaltools.gnu-tools-for-stm32.13.3.rel1.win32_1.0.0.202411081344/tools/bin/../lib/gcc/arm-none-eabi/13.3.1/../../../../arm-none-eabi/lib/thumb/v7e-m+fp/hard\libc_nano.a(libc_a-lock.o)
                0x20004421                __lock___sfp_recursive_mutex
 *fill*         0x20004422        0x2 
 .bss.__malloc_sbrk_start
                0x20004424        0x4 C:/ST/STM32CubeIDE_1.19.0_UBA/STM32CubeIDE/plugins/com.st.stm32cube.ide.mcu.externaltools.gnu-tools-for-stm32.13.3.rel1.win32_1.0.0.202411081344/tools/bin/../lib/gcc/arm-none-eabi/13.3.1/../../../../arm-none-eabi/lib/thumb/v7e-m+fp/hard\libc_nano.a(libc_a-mallocr.o)
                0x20004424                __malloc_sbrk_start
 .bss.__malloc_free_list
                0x20004428        0x4 C:/ST/STM32CubeIDE_1.19.0_UBA/STM32CubeIDE/plugins/com.st.stm32cube.ide.mcu.externaltools.gnu-tools-for-stm32.13.3.rel1.win32_1.0.0.202411081344/tools/bin/../lib/gcc/arm-none-eabi/13.3.1/../../../../arm-none-eabi/lib/thumb/v7e-m+fp/hard\libc_nano.a(libc_a-mallocr.o)
                0x20004428                __malloc_free_list
 *(COMMON)
                0x2000442c                        . = ALIGN (0x4)
                0x2000442c                        _ebss = .
                0x2000442c                        __bss_end__ = _ebss

._user_heap_stack
                0x2000442c      0x604 load address 0x080081dc
                0x20004430                        . = ALIGN (0x8)
 *fill*         0x2000442c        0x4 
                0x20004430                        PROVIDE (end = .)
                0x20004430                        PROVIDE (_end = .)
                0x20004630                        . = (. + _Min_Heap_Size)
 *fill*         0x20004430      0x200 
                0x20004a30                        . = (. + _Min_Stack_Size)
 *fill*         0x20004630      0x400 
                0x20004a30                        . = ALIGN (0x8)

/DISCARD/
 libc.a(*)
 libm.a(*)
 libgcc.a(*)

.ARM.attributes
                0x00000000       0x30
 *(.ARM.attributes)
 .ARM.attributes
                0x00000000       0x22 C:/ST/STM32CubeIDE_1.19.0_UBA/STM32CubeIDE/plugins/com.st.stm32cube.ide.mcu.externaltools.gnu-tools-for-stm32.13.3.rel1.win32_1.0.0.202411081344/tools/bin/../lib/gcc/arm-none-eabi/13.3.1/thumb/v7e-m+fp/hard/crti.o
 .ARM.attributes
                0x00000022       0x34 C:/ST/STM32CubeIDE_1.19.0_UBA/STM32CubeIDE/plugins/com.st.stm32cube.ide.mcu.externaltools.gnu-tools-for-stm32.13.3.rel1.win32_1.0.0.202411081344/tools/bin/../lib/gcc/arm-none-eabi/13.3.1/thumb/v7e-m+fp/hard/crtbegin.o
 .ARM.attributes
                0x00000056       0x34 ./Core/Src/freertos.o
 .ARM.attributes
                0x0000008a       0x34 ./Core/Src/main.o
 .ARM.attributes
                0x000000be       0x34 ./Core/Src/stm32f4xx_hal_msp.o
 .ARM.attributes
                0x000000f2       0x34 ./Core/Src/stm32f4xx_hal_timebase_tim.o
 .ARM.attributes
                0x00000126       0x34 ./Core/Src/stm32f4xx_it.o
 .ARM.attributes
                0x0000015a       0x34 ./Core/Src/sysmem.o
 .ARM.attributes
                0x0000018e       0x34 ./Core/Src/system_stm32f4xx.o
 .ARM.attributes
                0x000001c2       0x21 ./Core/Startup/startup_stm32f446retx.o
 .ARM.attributes
                0x000001e3       0x34 ./Drivers/STM32F4xx_HAL_Driver/Src/stm32f4xx_hal.o
 .ARM.attributes
                0x00000217       0x34 ./Drivers/STM32F4xx_HAL_Driver/Src/stm32f4xx_hal_cortex.o
 .ARM.attributes
                0x0000024b       0x34 ./Drivers/STM32F4xx_HAL_Driver/Src/stm32f4xx_hal_gpio.o
 .ARM.attributes
                0x0000027f       0x34 ./Drivers/STM32F4xx_HAL_Driver/Src/stm32f4xx_hal_rcc.o
 .ARM.attributes
                0x000002b3       0x34 ./Drivers/STM32F4xx_HAL_Driver/Src/stm32f4xx_hal_rcc_ex.o
 .ARM.attributes
                0x000002e7       0x34 ./Drivers/STM32F4xx_HAL_Driver/Src/stm32f4xx_hal_tim.o
 .ARM.attributes
                0x0000031b       0x34 ./Drivers/STM32F4xx_HAL_Driver/Src/stm32f4xx_hal_tim_ex.o
 .ARM.attributes
                0x0000034f       0x34 ./Drivers/STM32F4xx_HAL_Driver/Src/stm32f4xx_hal_uart.o
 .ARM.attributes
                0x00000383       0x34 ./Middlewares/Third_Party/FreeRTOS/Source/CMSIS_RTOS/cmsis_os.o
 .ARM.attributes
                0x000003b7       0x34 ./Middlewares/Third_Party/FreeRTOS/Source/list.o
 .ARM.attributes
                0x000003eb       0x34 ./Middlewares/Third_Party/FreeRTOS/Source/queue.o
 .ARM.attributes
                0x0000041f       0x34 ./Middlewares/Third_Party/FreeRTOS/Source/tasks.o
 .ARM.attributes
                0x00000453       0x34 ./Middlewares/Third_Party/FreeRTOS/Source/portable/GCC/ARM_CM4F/port.o
 .ARM.attributes
                0x00000487       0x34 ./Middlewares/Third_Party/FreeRTOS/Source/portable/MemMang/heap_4.o
 .ARM.attributes
                0x000004bb       0x34 ./app/src/app.o
 .ARM.attributes
                0x000004ef       0x34 ./app/src/app_it.o
 .ARM.attributes
                0x00000523       0x34 ./app/src/freertos.o
 .ARM.attributes
                0x00000557       0x34 ./app/src/logger.o
 .ARM.attributes
                0x0000058b       0x34 ./app/src/task_entry_a.o
 .ARM.attributes
                0x000005bf       0x34 ./app/src/task_entry_b.o
 .ARM.attributes
                0x000005f3       0x34 ./app/src/task_exit_a.o
 .ARM.attributes
                0x00000627       0x34 ./app/src/task_exit_b.o
 .ARM.attributes