22:30:13 **** Build of configuration Debug for project sotri-tp3_02-application ****
make -j12 all 
arm-none-eabi-size  sotri-tp3_02-application.elf 
   text	   data	    bss	    dec	    hex	filename
  29272	    132	  18812	  48216	   bc58	sotri-tp3_02-application.elf
Finished building: default.size.stdout
 
22:30:21 **** Incremental Build of configuration Debug for project sotri-tp3_02-application ****
make -j12 all 
arm-none-eabi-size  sotri-tp3_02-application.elf 
   text	   data	    bss	    dec	    hex	filename
  29272	    132	  18812	  48216	   bc58	sotri-tp3_02-application.elf
Finished building: default.size.stdout
 
22:30:58 **** Incremental Build of configuration Debug for project sotri-tp3_02-application ****
make -j12 all 
arm-none-eabi-size  sotri-tp3_02-application.elf 
   text	   data	    bss	    dec	    hex	filename
  29272	    132	  18812	  48216	   bc58	sotri-tp3_02-application.elf
Finished building: default.size.stdout
 
