20:25:39 **** Incremental Build of configuration Debug for project sotri-tp3_03-application ****
make -j12 all 
arm-none-eabi-size  sotri-tp3_03-application.elf 
   text	   data	    bss	    dec	    hex	filename
  32856	    148	  18836	  51840	   ca80	sotri-tp3_03-application.elf
Finished building: default.size.stdout
 
20:25:50 **** Incremental Build of configuration Debug for project sotri-tp3_03-application ****
make -j12 all 
arm-none-eabi-size  sotri-tp3_03-application.elf 
   text	   data	    bss	    dec	    hex	filename
  32856	    148	  18836	  51840	   ca80	sotri-tp3_03-application.elf
Finished building: default.size.stdout
 
